Microchip Technology Inc, vv1.24 (0)

Tool Name:
  /opt/microchip/xc16/v1.24/bin/bin/../bin/elf-ld

Command:
  -p30F6014A \
  -o \
  dist/XC16_dsPIC30F6014A/production/os.production.elf \
  -L/opt/microchip/xc16/v1.24/bin/bin/.. \
  -L/opt/microchip/xc16/v1.24/bin/bin/../../lib \
  -L/opt/microchip/xc16/v1.24/bin/bin/../../lib/PIC24E \
  -L/opt/microchip/xc16/v1.24/bin/bin/../../support/PIC24E/gld \
  -L/opt/microchip/xc16/v1.24/bin/bin/../../lib/PIC24F \
  -L/opt/microchip/xc16/v1.24/bin/bin/../../support/PIC24F/gld \
  -L/opt/microchip/xc16/v1.24/bin/bin/../../lib/PIC24H \
  -L/opt/microchip/xc16/v1.24/bin/bin/../../support/PIC24H/gld \
  -L/opt/microchip/xc16/v1.24/bin/bin/../../lib/dsPIC30F \
  -L/opt/microchip/xc16/v1.24/bin/bin/../../support/dsPIC30F/gld \
  -L/opt/microchip/xc16/v1.24/bin/bin/../../lib/dsPIC33E \
  -L/opt/microchip/xc16/v1.24/bin/bin/../../support/dsPIC33E/gld \
  -L/opt/microchip/xc16/v1.24/bin/bin/../../lib/dsPIC33F \
  -L/opt/microchip/xc16/v1.24/bin/bin/../../support/dsPIC33F/gld \
  build/XC16_dsPIC30F6014A/production/e_calc_po3030k.o \
  build/XC16_dsPIC30F6014A/production/e_calc_po6030k.o \
  build/XC16_dsPIC30F6014A/production/e_calc_po8030d.o \
  build/XC16_dsPIC30F6014A/production/e_common.o \
  build/XC16_dsPIC30F6014A/production/e_I2C_master_module.o \
  build/XC16_dsPIC30F6014A/production/e_I2C_protocol.o \
  build/XC16_dsPIC30F6014A/production/e_po3030k_registers.o \
  build/XC16_dsPIC30F6014A/production/e_po6030k_registers.o \
  build/XC16_dsPIC30F6014A/production/e_po8030d_registers.o \
  build/XC16_dsPIC30F6014A/production/e_timers.o \
  build/XC16_dsPIC30F6014A/production/system.o \
  build/XC16_dsPIC30F6014A/production/system_Events.o \
  build/XC16_dsPIC30F6014A/production/system_Interrupts.o \
  build/XC16_dsPIC30F6014A/production/system_Memory.o \
  build/XC16_dsPIC30F6014A/production/system_Process_Management_HDI.o \
  build/XC16_dsPIC30F6014A/production/system_Scheduler.o \
  build/XC16_dsPIC30F6014A/production/system_Timer_HDI.o \
  build/XC16_dsPIC30F6014A/production/system_IO.o \
  build/XC16_dsPIC30F6014A/production/system_IO_camera.o \
  build/XC16_dsPIC30F6014A/production/system_IO_i2c.o \
  build/XC16_dsPIC30F6014A/production/system_IO_motors.o \
  build/XC16_dsPIC30F6014A/production/system_IO_uart.o \
  build/XC16_dsPIC30F6014A/production/system_IO_remoteControl.o \
  build/XC16_dsPIC30F6014A/production/system_IO_clock.o \
  build/XC16_dsPIC30F6014A/production/user.o \
  build/XC16_dsPIC30F6014A/production/traps.o \
  build/XC16_dsPIC30F6014A/production/interrupts.o \
  build/XC16_dsPIC30F6014A/production/configuration_bits.o \
  build/XC16_dsPIC30F6014A/production/HDI_init_port.o \
  build/XC16_dsPIC30F6014A/production/main.o \
  build/XC16_dsPIC30F6014A/production/e_interrupt.o \
  build/XC16_dsPIC30F6014A/production/camera_processing.o \
  --defsym=__MPLAB_BUILD=1 \
  -Tp30F6014A.gld.00 \
  --heap=3072 \
  --check-sections \
  --data-init \
  --pack-data \
  --handles \
  --isr \
  --no-gc-sections \
  --fill-upper=0 \
  --stackguard=16 \
  --no-force-link \
  --smart-io \
  -Map=dist/XC16_dsPIC30F6014A/production/os.production.map \
  -start-group \
  --library=pic30-elf \
  --library=m-elf \
  --library=c-elf \
  -end-group \

Archive member included because of file (symbol)

/opt/microchip/xc16/v1.24/bin/bin/../../lib/libpic30-elf.a(crt0_standard.o)
                              (__resetPRI)
/opt/microchip/xc16/v1.24/bin/bin/../../lib/libpic30-elf.a(data_init_standard.o)
                              /opt/microchip/xc16/v1.24/bin/bin/../../lib/libpic30-elf.a(crt0_standard.o) (__data_init_standard)
/opt/microchip/xc16/v1.24/bin/bin/../../lib/libm-elf.a(addsf3.eo)
                              build/XC16_dsPIC30F6014A/production/camera_processing.o (___addsf3)
/opt/microchip/xc16/v1.24/bin/bin/../../lib/libm-elf.a(divsi3.eo)
                              build/XC16_dsPIC30F6014A/production/e_po3030k_registers.o (___divsi3)
/opt/microchip/xc16/v1.24/bin/bin/../../lib/libm-elf.a(fixsfsi.eo)
                              build/XC16_dsPIC30F6014A/production/camera_processing.o (_(float, int, long long, short, float, short, int))
/opt/microchip/xc16/v1.24/bin/bin/../../lib/libm-elf.a(floatsisf.eo)
                              build/XC16_dsPIC30F6014A/production/camera_processing.o (___floatsisf)
/opt/microchip/xc16/v1.24/bin/bin/../../lib/libm-elf.a(fpack.eo)
                              /opt/microchip/xc16/v1.24/bin/bin/../../lib/libm-elf.a(addsf3.eo) (__fpack)
/opt/microchip/xc16/v1.24/bin/bin/../../lib/libm-elf.a(funpack.eo)
                              /opt/microchip/xc16/v1.24/bin/bin/../../lib/libm-elf.a(fixsfsi.eo) (__funpack)
/opt/microchip/xc16/v1.24/bin/bin/../../lib/libm-elf.a(funpack2.eo)
                              /opt/microchip/xc16/v1.24/bin/bin/../../lib/libm-elf.a(addsf3.eo) (__funpack2)
/opt/microchip/xc16/v1.24/bin/bin/../../lib/libm-elf.a(futil.eo)
[...]
Memory Configuration

Name             Origin             Length             Attributes
data             0x000800           0x002000           a !xr
reset            0x000000           0x000004  
ivt              0x000004           0x00007c  
_reserved        0x000080           0x000004  
aivt             0x000084           0x00007c  
program          0x000100           0x017f00           xr
eedata           0x7ff000           0x001000  
FUID0            0x8005c0           0x000002  
FUID1            0x8005c2           0x000002  
FUID2            0x8005c4           0x000002  
FUID3            0x8005c6           0x000002  
FOSC             0xf80000           0x000002  
FWDT             0xf80002           0x000002  
FBORPOR          0xf80004           0x000002  
FBS              0xf80006           0x000002  
FSS              0xf80008           0x000002  
FGS              0xf8000a           0x000002  
FICD             0xf8000c           0x000002  
*default*        0x000000           0xffffffff  

Linker script and memory map

LOAD build/XC16_dsPIC30F6014A/production/e_calc_po3030k.o
LOAD build/XC16_dsPIC30F6014A/production/e_calc_po6030k.o
LOAD build/XC16_dsPIC30F6014A/production/e_calc_po8030d.o
LOAD build/XC16_dsPIC30F6014A/production/e_common.o
LOAD build/XC16_dsPIC30F6014A/production/e_I2C_master_module.o
LOAD build/XC16_dsPIC30F6014A/production/e_I2C_protocol.o
LOAD build/XC16_dsPIC30F6014A/production/e_po3030k_registers.o
LOAD build/XC16_dsPIC30F6014A/production/e_po6030k_registers.o
LOAD build/XC16_dsPIC30F6014A/production/e_po8030d_registers.o
LOAD build/XC16_dsPIC30F6014A/production/e_timers.o
LOAD build/XC16_dsPIC30F6014A/production/system.o
LOAD build/XC16_dsPIC30F6014A/production/system_Events.o
LOAD build/XC16_dsPIC30F6014A/production/system_Interrupts.o
LOAD build/XC16_dsPIC30F6014A/production/system_Memory.o
LOAD build/XC16_dsPIC30F6014A/production/system_Process_Management_HDI.o
LOAD build/XC16_dsPIC30F6014A/production/system_Scheduler.o
LOAD build/XC16_dsPIC30F6014A/production/system_Timer_HDI.o
LOAD build/XC16_dsPIC30F6014A/production/system_IO.o
LOAD build/XC16_dsPIC30F6014A/production/system_IO_camera.o
LOAD build/XC16_dsPIC30F6014A/production/system_IO_i2c.o
LOAD build/XC16_dsPIC30F6014A/production/system_IO_motors.o
LOAD build/XC16_dsPIC30F6014A/production/system_IO_uart.o
LOAD build/XC16_dsPIC30F6014A/production/system_IO_remoteControl.o
LOAD build/XC16_dsPIC30F6014A/production/system_IO_clock.o
LOAD build/XC16_dsPIC30F6014A/production/user.o
LOAD build/XC16_dsPIC30F6014A/production/traps.o
LOAD build/XC16_dsPIC30F6014A/production/interrupts.o
LOAD build/XC16_dsPIC30F6014A/production/configuration_bits.o
LOAD build/XC16_dsPIC30F6014A/production/HDI_init_port.o
LOAD build/XC16_dsPIC30F6014A/production/main.o
LOAD build/XC16_dsPIC30F6014A/production/e_interrupt.o
LOAD build/XC16_dsPIC30F6014A/production/camera_processing.o
                    0x0001                  __MPLAB_BUILD = 0x1
LOAD /opt/microchip/xc16/v1.24/bin/bin/../../lib/dsPIC30F/libp30F6014A-elf.a
LOAD /opt/microchip/xc16/v1.24/bin/bin/../../lib/libfx-elf.a
                    0x8005c0                  __FUID0 = 0x8005c0
                    0x8005c2                  __FUID1 = 0x8005c2
                    0x8005c4                  __FUID2 = 0x8005c4
                    0x8005c6                  __FUID3 = 0x8005c6
                    0xf80000                  __FOSC = 0xf80000
                    0xf80002                  __FWDT = 0xf80002
                    0xf80004                  __FBORPOR = 0xf80004
                    0xf80006                  __FBS = 0xf80006
                    0xf80008                  __FSS = 0xf80008
                    0xf8000a                  __FGS = 0xf8000a
                    0xf8000c                  __FICD = 0xf8000c
                    0x0100                  __CODE_BASE = 0x100
                    0x17f00                  __CODE_LENGTH = 0x17f00
                    0x0004                  __IVT_BASE = 0x4
                    0x0084                  __AIVT_BASE = 0x84
                    0x0800                  __DATA_BASE = 0x800
                    0x2000                  __DATA_LENGTH = 0x2000
                    0x1800                  __YDATA_BASE = 0x1800

.reset            0x000000          0x4
                  0x000000          0x2 SHORT 0x100 ABSOLUTE (__reset)
                  0x000001          0x2 SHORT 0x4
                  0x000002          0x2 SHORT 0x0 ((ABSOLUTE (__reset) >> 0x10) & 0x7f)
                  0x000003          0x2 SHORT 0x0

.text             0x000100       0x1350
 *(.init)
 .init            0x000100         0x3c /opt/microchip/xc16/v1.24/bin/bin/../../lib/libpic30-elf.a(crt0_standard.o)
                  0x000100                  __reset
                  0x000100                  __resetPRI
                  0x00012c                  __psv_init
 .init            0x00013c         0x5e /opt/microchip/xc16/v1.24/bin/bin/../../lib/libpic30-elf.a(data_init_standard.o)
                  0x00013c                  __data_init
                  0x00013c                  __data_init_standard
 *(.user_init)
 *(.handle)
 .handle          0x00019a         0x34 jump_table
 *(.isr*)
 .isr.text        0x0001ce        0x112 build/XC16_dsPIC30F6014A/production/e_timers.o
                  0x0001ce                  __T5Interrupt
                  0x000218                  _e_poxxxx_launch_capture
                  0x000230                  _e_poxxxx_apply_timer_config
                  0x0002d6                  _e_poxxxx_is_img_ready
 .isr.text        0x0002e0        0x174 build/XC16_dsPIC30F6014A/production/traps.o
                  0x0002e0                  __OscillatorFail
                  0x0002fa                  __AddressError
                  0x000328                  __StackError
                  0x000356                  __MathError
                  0x000384                  __AltOscillatorFail
                  0x0003b2                  __AltAddressError
                  0x0003e0                  __AltStackError
                  0x00040e                  __AltMathError
                  0x00043c                  __DefaultInterrupt
 *(.libc)
 .libc            0x000454         0x60 /opt/microchip/xc16/v1.24/bin/bin/../../lib/libpic30-elf.a(write.eo)
                  0x000454                  _write
 .libc            0x0004b4         0x28 /opt/microchip/xc16/v1.24/bin/bin/../../lib/libpic30-elf.a(sbrk.eo)
                  0x0004b4                  _sbrk
 .libc            0x0004dc         0x1c /opt/microchip/xc16/v1.24/bin/bin/../../lib/libpic30-elf.a(brk.elo)
                  0x0004dc                  _brk
 *(.libm)
 *(.libdsp)
 *(.lib*)
 .libm.subsf3     0x0004f8         0xbc /opt/microchip/xc16/v1.24/bin/bin/../../lib/libm-elf.a(addsf3.eo)
                  0x0004f8                  ___subsf3
                  0x0004fa                  ___addsf3
 .libm.divsi3     0x0005b4         0x1e /opt/microchip/xc16/v1.24/bin/bin/../../lib/libm-elf.a(divsi3.eo)
                  0x0005b4                  ___divsi3
 .libm.fixsfsi    0x0005d2         0x42 /opt/microchip/xc16/v1.24/bin/bin/../../lib/libm-elf.a(fixsfsi.eo)
                  0x0005d2                  _(float, int, long long, short, float, short, int)
 .libm.floatsisf
                  0x000614          0x6 /opt/microchip/xc16/v1.24/bin/bin/../../lib/libm-elf.a(floatsisf.eo)
                  0x000614                  ___floatsisf
 .libm.fpack      0x00061a         0x4c /opt/microchip/xc16/v1.24/bin/bin/../../lib/libm-elf.a(fpack.eo)
                  0x00061a                  __fpack
 .libm.funpack    0x000666         0x2a /opt/microchip/xc16/v1.24/bin/bin/../../lib/libm-elf.a(funpack.eo)
                  0x000666                  __funpack
 .libm.funpack2
                  0x000690         0x10 /opt/microchip/xc16/v1.24/bin/bin/../../lib/libm-elf.a(funpack2.eo)
                  0x000690                  __funpack2
 .libm.fPropagateNaN
                  0x0006a0         0x12 /opt/microchip/xc16/v1.24/bin/bin/../../lib/libm-elf.a(futil.eo)
                  0x0006a0                  __fPropagateNaN
 .libm.fbobExit
                  0x0006b2          0x8 /opt/microchip/xc16/v1.24/bin/bin/../../lib/libm-elf.a(futil.eo)
                  0x0006b2                  __fbopExit
 .libm.fbopReturnNaN
                  0x0006ba          0x6 /opt/microchip/xc16/v1.24/bin/bin/../../lib/libm-elf.a(futil.eo)
                  0x0006ba                  __fbopReturnNaN
 .libm.udivsi3    0x0006c0         0x20 /opt/microchip/xc16/v1.24/bin/bin/../../lib/libm-elf.a(udivsi3.eo)
                  0x0006c0                  ___udivsi3
 .libm.floatdisf
                  0x0006e0         0x20 /opt/microchip/xc16/v1.24/bin/bin/../../lib/libm-elf.a(floatdisf.eo)
                  0x0006e0                  ___floatdisf
 .libm.floatundisf
                  0x000700         0x5e /opt/microchip/xc16/v1.24/bin/bin/../../lib/libm-elf.a(floatundisf.eo)
                  0x000700                  ___floatundisf
 .libc.malloc     0x00075e        0x11c /opt/microchip/xc16/v1.24/bin/bin/../../lib/libc-elf.a(malloc.eo)
                  0x00075e                  _malloc
 .libc.free       0x00087a         0x16 /opt/microchip/xc16/v1.24/bin/bin/../../lib/libc-elf.a(malloc.eo)
                  0x00087a                  _free
 .libc.realloc    0x000890         0x7e /opt/microchip/xc16/v1.24/bin/bin/../../lib/libc-elf.a(malloc.eo)
                  0x000890                  _realloc
 .libc.memcpy     0x00090e          0xe /opt/microchip/xc16/v1.24/bin/bin/../../lib/libc-elf.a(memcpy.eo)
                  0x00090e                  _memcpy
 .libc.srand      0x00091c          0xe /opt/microchip/xc16/v1.24/bin/bin/../../lib/libc-elf.a(rand.eo)
                  0x00091c                  _srand
 .libc.rand       0x00092a         0x28 /opt/microchip/xc16/v1.24/bin/bin/../../lib/libc-elf.a(rand.eo)
                  0x00092a                  _rand
 .libc._sprintf_cdnopuxX
                  0x000952         0x2c /opt/microchip/xc16/v1.24/bin/bin/../../lib/libc-elf.a(sprintf_cdnopuxX.XXeo)
                  0x000952                  __sprintf_cdnopuxX
 .libc._vfprintf_cdnopuxX
                  0x00097e        0x6f8 /opt/microchip/xc16/v1.24/bin/bin/../../lib/libc-elf.a(doprnt_cdnopuxX.XXeo)
                  0x00097e                  __vfprintf_cdnopuxX
 .libc.fputc      0x001076         0x88 /opt/microchip/xc16/v1.24/bin/bin/../../lib/libc-elf.a(fputc.eo)
                  0x001076                  _fputc
 .libc._flsbuf    0x0010fe         0x84 /opt/microchip/xc16/v1.24/bin/bin/../../lib/libc-elf.a(flsbuf.eo)
                  0x0010fe                  __flsbuf
 .libc.dowrite    0x001182          0x4 /opt/microchip/xc16/v1.24/bin/bin/../../lib/libpic30-elf.a(write.eo)
 .libm.mulsi3     0x001186          0xc /opt/microchip/xc16/v1.24/bin/bin/../../lib/libm-elf.a(mulsi3.eo)
                  0x001186                  ___mulp32eds3
                  0x001186                  ___mulp32peds3
                  0x001186                  ___mulsi3
 .libm.__PplusBdi
                  0x001192         0x28 /opt/microchip/xc16/v1.24/bin/bin/../../lib/libm-elf.a(divmoddi3.eo)
 .libm.__PminusBdi
                  0x0011ba         0x4a /opt/microchip/xc16/v1.24/bin/bin/../../lib/libm-elf.a(divmoddi3.eo)
 .libm.__udivmoddi3
                  0x001204         0xe4 /opt/microchip/xc16/v1.24/bin/bin/../../lib/libm-elf.a(divmoddi3.eo)
                  0x001204                  ___udivmoddi3
 .libm.__udivdi3
                  0x0012e8          0xe /opt/microchip/xc16/v1.24/bin/bin/../../lib/libm-elf.a(divmoddi3.eo)
                  0x0012e8                  ___udivdi3
 .libm.__umoddi3
                  0x0012f6          0x8 /opt/microchip/xc16/v1.24/bin/bin/../../lib/libm-elf.a(divmoddi3.eo)
                  0x0012f6                  ___umoddi3
 .libm.__divdi3
                  0x0012fe         0x60 /opt/microchip/xc16/v1.24/bin/bin/../../lib/libm-elf.a(divmoddi3.eo)
                  0x0012fe                  ___divdi3
 .libm.__moddi3
                  0x00135e         0x5c /opt/microchip/xc16/v1.24/bin/bin/../../lib/libm-elf.a(divmoddi3.eo)
                  0x00135e                  ___moddi3
 .libm.__muldi3
                  0x0013ba         0x52 /opt/microchip/xc16/v1.24/bin/bin/../../lib/libm-elf.a(muldi3.eo)
                  0x0013ba                  ___muldi3
 .libm.umuldi3    0x00140c         0x44 /opt/microchip/xc16/v1.24/bin/bin/../../lib/libm-elf.a(umuldi3.eo)
                  0x00140c                  ___umuldi3

usercode
 *(usercode)

__FUID0
 *(__FUID0.sec*)

__FUID1
 *(__FUID1.sec*)

__FUID2
 *(__FUID2.sec*)

__FUID3
 *(__FUID3.sec*)

__FOSC            0xf80000          0x2
 *(__FOSC.sec*)
 __FOSC.sec       0xf80000          0x2 build/XC16_dsPIC30F6014A/production/HDI_init_port.o

__FWDT            0xf80002          0x2
 *(__FWDT.sec*)
 __FWDT.sec       0xf80002          0x2 build/XC16_dsPIC30F6014A/production/HDI_init_port.o

__FBORPOR         0xf80004          0x2
 *(__FBORPOR.sec*)
 __FBORPOR.sec    0xf80004          0x2 build/XC16_dsPIC30F6014A/production/HDI_init_port.o

__FBS
 *(__FBS.sec*)

__FSS
 *(__FSS.sec*)

__FGS             0xf8000a          0x2
 *(__FGS.sec*)
 __FGS.sec        0xf8000a          0x2 FGS
                  0xf8000a                  __FGS.sec

__FICD
 *(__FICD.sec*)

user_eedata
 *(user_eedata)

userdata
 *(userdata)

.comment
 *(.comment)

.debug_info       0x000000       0xd8d9
 *(.debug_info)
 .debug_info      0x000000        0x23d build/XC16_dsPIC30F6014A/production/e_calc_po3030k.o
 .debug_info      0x00023d        0x253 build/XC16_dsPIC30F6014A/production/e_calc_po6030k.o
 .debug_info      0x000490        0x253 build/XC16_dsPIC30F6014A/production/e_calc_po8030d.o
 .debug_info      0x0006e3        0x5fd build/XC16_dsPIC30F6014A/production/e_common.o
 .debug_info      0x000ce0        0xc0a build/XC16_dsPIC30F6014A/production/e_I2C_master_module.o
 .debug_info      0x0018ea        0x1df build/XC16_dsPIC30F6014A/production/e_I2C_protocol.o
 .debug_info      0x001ac9        0xde7 build/XC16_dsPIC30F6014A/production/e_po3030k_registers.o
 .debug_info      0x0028b0        0x5f6 build/XC16_dsPIC30F6014A/production/e_po6030k_registers.o
 .debug_info      0x002ea6        0x6fa build/XC16_dsPIC30F6014A/production/e_po8030d_registers.o
 .debug_info      0x0035a0        0x8ce build/XC16_dsPIC30F6014A/production/e_timers.o
 .debug_info      0x003e6e        0x18e build/XC16_dsPIC30F6014A/production/system.o
 .debug_info      0x003ffc        0x7cd build/XC16_dsPIC30F6014A/production/system_Events.o
 .debug_info      0x0047c9        0x352 build/XC16_dsPIC30F6014A/production/system_Interrupts.o
 .debug_info      0x004b1b        0x24a build/XC16_dsPIC30F6014A/production/system_Memory.o
 .debug_info      0x004d65       0x12c3 build/XC16_dsPIC30F6014A/production/system_Process_Management_HDI.o
 .debug_info      0x006028        0x216 build/XC16_dsPIC30F6014A/production/system_Scheduler.o
 .debug_info      0x00623e        0x981 build/XC16_dsPIC30F6014A/production/system_Timer_HDI.o
 .debug_info      0x006bbf        0xcbf build/XC16_dsPIC30F6014A/production/system_IO.o
 .debug_info      0x00787e        0x984 build/XC16_dsPIC30F6014A/production/system_IO_camera.o
 .debug_info      0x008202        0xe60 build/XC16_dsPIC30F6014A/production/system_IO_i2c.o
 .debug_info      0x009062        0x64f build/XC16_dsPIC30F6014A/production/system_IO_motors.o
 .debug_info      0x0096b1       0x15f4 build/XC16_dsPIC30F6014A/production/system_IO_uart.o
 .debug_info      0x00aca5        0xb23 build/XC16_dsPIC30F6014A/production/system_IO_remoteControl.o
 .debug_info      0x00b7c8        0x238 build/XC16_dsPIC30F6014A/production/system_IO_clock.o
 .debug_info      0x00ba00        0x116 build/XC16_dsPIC30F6014A/production/user.o
 .debug_info      0x00bb16        0x4ed build/XC16_dsPIC30F6014A/production/traps.o
 .debug_info      0x00c003        0x105 build/XC16_dsPIC30F6014A/production/interrupts.o
 .debug_info      0x00c108         0xab build/XC16_dsPIC30F6014A/production/configuration_bits.o
 .debug_info      0x00c1b3        0xc6e build/XC16_dsPIC30F6014A/production/HDI_init_port.o
 .debug_info      0x00ce21        0x632 build/XC16_dsPIC30F6014A/production/main.o
 .debug_info      0x00d453         0x76 build/XC16_dsPIC30F6014A/production/e_interrupt.o
 .debug_info      0x00d4c9        0x410 build/XC16_dsPIC30F6014A/production/camera_processing.o
 *(.gnu.linkonce.wi.*)

.debug_abbrev     0x000000       0x1c9e
 *(.debug_abbrev)
 .debug_abbrev    0x000000         0x7c build/XC16_dsPIC30F6014A/production/e_calc_po3030k.o
 .debug_abbrev    0x00007c         0x7c build/XC16_dsPIC30F6014A/production/e_calc_po6030k.o
 .debug_abbrev    0x0000f8         0x7c build/XC16_dsPIC30F6014A/production/e_calc_po8030d.o
 .debug_abbrev    0x000174        0x130 build/XC16_dsPIC30F6014A/production/e_common.o
 .debug_abbrev    0x0002a4        0x1a0 build/XC16_dsPIC30F6014A/production/e_I2C_master_module.o
 .debug_abbrev    0x000444         0x91 build/XC16_dsPIC30F6014A/production/e_I2C_protocol.o
 .debug_abbrev    0x0004d5        0x120 build/XC16_dsPIC30F6014A/production/e_po3030k_registers.o
 .debug_abbrev    0x0005f5         0xd5 build/XC16_dsPIC30F6014A/production/e_po6030k_registers.o
 .debug_abbrev    0x0006ca         0xec build/XC16_dsPIC30F6014A/production/e_po8030d_registers.o
 .debug_abbrev    0x0007b6        0x176 build/XC16_dsPIC30F6014A/production/e_timers.o
 .debug_abbrev    0x00092c         0x47 build/XC16_dsPIC30F6014A/production/system.o
 .debug_abbrev    0x000973        0x11d build/XC16_dsPIC30F6014A/production/system_Events.o
 .debug_abbrev    0x000a90         0xb6 build/XC16_dsPIC30F6014A/production/system_Interrupts.o
 .debug_abbrev    0x000b46         0x8a build/XC16_dsPIC30F6014A/production/system_Memory.o
 .debug_abbrev    0x000bd0        0x1d7 build/XC16_dsPIC30F6014A/production/system_Process_Management_HDI.o
 .debug_abbrev    0x000da7         0x9d build/XC16_dsPIC30F6014A/production/system_Scheduler.o
 .debug_abbrev    0x000e44        0x11d build/XC16_dsPIC30F6014A/production/system_Timer_HDI.o
 .debug_abbrev    0x000f61        0x169 build/XC16_dsPIC30F6014A/production/system_IO.o
 .debug_abbrev    0x0010ca        0x1e9 build/XC16_dsPIC30F6014A/production/system_IO_camera.o
 .debug_abbrev    0x0012b3        0x1ac build/XC16_dsPIC30F6014A/production/system_IO_i2c.o
 .debug_abbrev    0x00145f        0x135 build/XC16_dsPIC30F6014A/production/system_IO_motors.o
 .debug_abbrev    0x001594        0x1cb build/XC16_dsPIC30F6014A/production/system_IO_uart.o
 .debug_abbrev    0x00175f        0x106 build/XC16_dsPIC30F6014A/production/system_IO_remoteControl.o
 .debug_abbrev    0x001865         0x7e build/XC16_dsPIC30F6014A/production/system_IO_clock.o
 .debug_abbrev    0x0018e3         0x34 build/XC16_dsPIC30F6014A/production/user.o
 .debug_abbrev    0x001917         0x92 build/XC16_dsPIC30F6014A/production/traps.o
 .debug_abbrev    0x0019a9         0x1f build/XC16_dsPIC30F6014A/production/interrupts.o
 .debug_abbrev    0x0019c8         0x1f build/XC16_dsPIC30F6014A/production/configuration_bits.o
 .debug_abbrev    0x0019e7         0x8e build/XC16_dsPIC30F6014A/production/HDI_init_port.o
 .debug_abbrev    0x001a75        0x146 build/XC16_dsPIC30F6014A/production/main.o
 .debug_abbrev    0x001bbb         0x14 build/XC16_dsPIC30F6014A/production/e_interrupt.o
 .debug_abbrev    0x001bcf         0xcf build/XC16_dsPIC30F6014A/production/camera_processing.o

.debug_line       0x000000       0x7a2b
 *(.debug_line)
 .debug_line      0x000000        0x314 build/XC16_dsPIC30F6014A/production/e_calc_po3030k.o
 .debug_line      0x000314        0x336 build/XC16_dsPIC30F6014A/production/e_calc_po6030k.o
 .debug_line      0x00064a        0x336 build/XC16_dsPIC30F6014A/production/e_calc_po8030d.o
 .debug_line      0x000980        0x3b8 build/XC16_dsPIC30F6014A/production/e_common.o
 .debug_line      0x000d38        0x539 build/XC16_dsPIC30F6014A/production/e_I2C_master_module.o
 .debug_line      0x001271        0x1de build/XC16_dsPIC30F6014A/production/e_I2C_protocol.o
 .debug_line      0x00144f        0xbdd build/XC16_dsPIC30F6014A/production/e_po3030k_registers.o
 .debug_line      0x00202c        0x59c build/XC16_dsPIC30F6014A/production/e_po6030k_registers.o
 .debug_line      0x0025c8        0x652 build/XC16_dsPIC30F6014A/production/e_po8030d_registers.o
 .debug_line      0x002c1a        0x238 build/XC16_dsPIC30F6014A/production/e_timers.o
 .debug_line      0x002e52         0xee build/XC16_dsPIC30F6014A/production/system.o
 .debug_line      0x002f40        0x635 build/XC16_dsPIC30F6014A/production/system_Events.o
 .debug_line      0x003575        0x10a build/XC16_dsPIC30F6014A/production/system_Interrupts.o
 .debug_line      0x00367f        0x116 build/XC16_dsPIC30F6014A/production/system_Memory.o
 .debug_line      0x003795       0x11e8 build/XC16_dsPIC30F6014A/production/system_Process_Management_HDI.o
 .debug_line      0x00497d         0xa4 build/XC16_dsPIC30F6014A/production/system_Scheduler.o
 .debug_line      0x004a21        0x293 build/XC16_dsPIC30F6014A/production/system_Timer_HDI.o
 .debug_line      0x004cb4        0x4b8 build/XC16_dsPIC30F6014A/production/system_IO.o
 .debug_line      0x00516c        0x35f build/XC16_dsPIC30F6014A/production/system_IO_camera.o
 .debug_line      0x0054cb        0x53d build/XC16_dsPIC30F6014A/production/system_IO_i2c.o
 .debug_line      0x005a08        0x4f6 build/XC16_dsPIC30F6014A/production/system_IO_motors.o
 .debug_line      0x005efe        0x705 build/XC16_dsPIC30F6014A/production/system_IO_uart.o
 .debug_line      0x006603        0x33e build/XC16_dsPIC30F6014A/production/system_IO_remoteControl.o
 .debug_line      0x006941        0x124 build/XC16_dsPIC30F6014A/production/system_IO_clock.o
 .debug_line      0x006a65         0x48 build/XC16_dsPIC30F6014A/production/user.o
 .debug_line      0x006aad        0x6a9 build/XC16_dsPIC30F6014A/production/traps.o
 .debug_line      0x007156         0x24 build/XC16_dsPIC30F6014A/production/interrupts.o
 .debug_line      0x00717a         0x24 build/XC16_dsPIC30F6014A/production/configuration_bits.o
 .debug_line      0x00719e        0x2c3 build/XC16_dsPIC30F6014A/production/HDI_init_port.o
 .debug_line      0x007461        0x378 build/XC16_dsPIC30F6014A/production/main.o
 .debug_line      0x0077d9         0x53 build/XC16_dsPIC30F6014A/production/e_interrupt.o
 .debug_line      0x00782c        0x1ff build/XC16_dsPIC30F6014A/production/camera_processing.o

.debug_frame      0x000000       0x152c
 *(.debug_frame)
 .debug_frame     0x000000         0x34 build/XC16_dsPIC30F6014A/production/e_calc_po3030k.o
 .debug_frame     0x000034         0x34 build/XC16_dsPIC30F6014A/production/e_calc_po6030k.o
 .debug_frame     0x000068         0x34 build/XC16_dsPIC30F6014A/production/e_calc_po8030d.o
 .debug_frame     0x00009c         0xb4 build/XC16_dsPIC30F6014A/production/e_common.o
 .debug_frame     0x000150         0xf4 build/XC16_dsPIC30F6014A/production/e_I2C_master_module.o
 .debug_frame     0x000244         0x74 build/XC16_dsPIC30F6014A/production/e_I2C_protocol.o
 .debug_frame     0x0002b8        0x274 build/XC16_dsPIC30F6014A/production/e_po3030k_registers.o
 .debug_frame     0x00052c        0x114 build/XC16_dsPIC30F6014A/production/e_po6030k_registers.o
 .debug_frame     0x000640        0x154 build/XC16_dsPIC30F6014A/production/e_po8030d_registers.o
 .debug_frame     0x000794         0x74 build/XC16_dsPIC30F6014A/production/e_timers.o
 .debug_frame     0x000808         0x44 build/XC16_dsPIC30F6014A/production/system.o
 .debug_frame     0x00084c         0xb4 build/XC16_dsPIC30F6014A/production/system_Events.o
 .debug_frame     0x000900         0x34 build/XC16_dsPIC30F6014A/production/system_Interrupts.o
 .debug_frame     0x000934         0x44 build/XC16_dsPIC30F6014A/production/system_Memory.o
 .debug_frame     0x000978        0x244 build/XC16_dsPIC30F6014A/production/system_Process_Management_HDI.o
 .debug_frame     0x000bbc         0x34 build/XC16_dsPIC30F6014A/production/system_Scheduler.o
 .debug_frame     0x000bf0         0xc4 build/XC16_dsPIC30F6014A/production/system_Timer_HDI.o
 .debug_frame     0x000cb4        0x164 build/XC16_dsPIC30F6014A/production/system_IO.o
 .debug_frame     0x000e18         0xc4 build/XC16_dsPIC30F6014A/production/system_IO_camera.o
 .debug_frame     0x000edc        0x134 build/XC16_dsPIC30F6014A/production/system_IO_i2c.o
 .debug_frame     0x001010         0xa4 build/XC16_dsPIC30F6014A/production/system_IO_motors.o
 .debug_frame     0x0010b4        0x154 build/XC16_dsPIC30F6014A/production/system_IO_uart.o
 .debug_frame     0x001208         0x94 build/XC16_dsPIC30F6014A/production/system_IO_remoteControl.o
 .debug_frame     0x00129c         0x64 build/XC16_dsPIC30F6014A/production/system_IO_clock.o
 .debug_frame     0x001300         0x24 build/XC16_dsPIC30F6014A/production/user.o
 .debug_frame     0x001324         0xa4 build/XC16_dsPIC30F6014A/production/traps.o
 .debug_frame     0x0013c8         0x24 build/XC16_dsPIC30F6014A/production/HDI_init_port.o
 .debug_frame     0x0013ec         0xcc build/XC16_dsPIC30F6014A/production/main.o
 .debug_frame     0x0014b8         0x74 build/XC16_dsPIC30F6014A/production/camera_processing.o

.debug_str        0x000000        0x4b1
 *(.debug_str)
 .debug_str       0x000000          0xb build/XC16_dsPIC30F6014A/production/e_calc_po3030k.o
 .debug_str       0x00000b          0xb build/XC16_dsPIC30F6014A/production/e_calc_po6030k.o
 .debug_str       0x000016          0xb build/XC16_dsPIC30F6014A/production/e_calc_po8030d.o
 .debug_str       0x000021         0x15 build/XC16_dsPIC30F6014A/production/e_common.o
 .debug_str       0x000036         0x3d build/XC16_dsPIC30F6014A/production/e_I2C_master_module.o
 .debug_str       0x000073          0xb build/XC16_dsPIC30F6014A/production/e_I2C_protocol.o
 .debug_str       0x00007e         0x24 build/XC16_dsPIC30F6014A/production/e_po3030k_registers.o
 .debug_str       0x0000a2         0x1e build/XC16_dsPIC30F6014A/production/e_po6030k_registers.o
 .debug_str       0x0000c0         0x1e build/XC16_dsPIC30F6014A/production/e_po8030d_registers.o
 .debug_str       0x0000de         0x79 build/XC16_dsPIC30F6014A/production/e_timers.o
 .debug_str       0x000157         0x46 build/XC16_dsPIC30F6014A/production/system_Events.o
 .debug_str       0x00019d         0x97 build/XC16_dsPIC30F6014A/production/system_Process_Management_HDI.o
 .debug_str       0x000234         0x25 build/XC16_dsPIC30F6014A/production/system_Timer_HDI.o
 .debug_str       0x000259         0x2e build/XC16_dsPIC30F6014A/production/system_IO.o
 .debug_str       0x000287         0x32 build/XC16_dsPIC30F6014A/production/system_IO_camera.o
 .debug_str       0x0002b9         0x41 build/XC16_dsPIC30F6014A/production/system_IO_i2c.o
 .debug_str       0x0002fa         0x1a build/XC16_dsPIC30F6014A/production/system_IO_motors.o
 .debug_str       0x000314         0x82 build/XC16_dsPIC30F6014A/production/system_IO_uart.o
 .debug_str       0x000396         0x3b build/XC16_dsPIC30F6014A/production/system_IO_remoteControl.o
 .debug_str       0x0003d1         0x1e build/XC16_dsPIC30F6014A/production/traps.o
 .debug_str       0x0003ef         0x5f build/XC16_dsPIC30F6014A/production/HDI_init_port.o
 .debug_str       0x00044e         0x1d build/XC16_dsPIC30F6014A/production/main.o
 .debug_str       0x00046b         0x46 build/XC16_dsPIC30F6014A/production/camera_processing.o

.debug_loc
 *(.debug_loc)

.debug_macinfo
 *(.debug_macinfo)

.debug_pubnames
                  0x000000       0x1f8a
 *(.debug_pubnames)
 .debug_pubnames
                  0x000000         0x4d build/XC16_dsPIC30F6014A/production/e_calc_po3030k.o
 .debug_pubnames
                  0x00004d         0x4d build/XC16_dsPIC30F6014A/production/e_calc_po6030k.o
 .debug_pubnames
                  0x00009a         0x4d build/XC16_dsPIC30F6014A/production/e_calc_po8030d.o
 .debug_pubnames
                  0x0000e7         0xf7 build/XC16_dsPIC30F6014A/production/e_common.o
 .debug_pubnames
                  0x0001de        0x112 build/XC16_dsPIC30F6014A/production/e_I2C_master_module.o
 .debug_pubnames
                  0x0002f0         0x7a build/XC16_dsPIC30F6014A/production/e_I2C_protocol.o
 .debug_pubnames
                  0x00036a        0x42b build/XC16_dsPIC30F6014A/production/e_po3030k_registers.o
 .debug_pubnames
                  0x000795        0x17a build/XC16_dsPIC30F6014A/production/e_po6030k_registers.o
 .debug_pubnames
                  0x00090f        0x1c9 build/XC16_dsPIC30F6014A/production/e_po8030d_registers.o
 .debug_pubnames
                  0x000ad8         0xe0 build/XC16_dsPIC30F6014A/production/e_timers.o
 .debug_pubnames
                  0x000bb8         0x53 build/XC16_dsPIC30F6014A/production/system.o
 .debug_pubnames
                  0x000c0b        0x12b build/XC16_dsPIC30F6014A/production/system_Events.o
 .debug_pubnames
                  0x000d36         0x48 build/XC16_dsPIC30F6014A/production/system_Interrupts.o
 .debug_pubnames
                  0x000d7e         0x3d build/XC16_dsPIC30F6014A/production/system_Memory.o
 .debug_pubnames
                  0x000dbb        0x461 build/XC16_dsPIC30F6014A/production/system_Process_Management_HDI.o
 .debug_pubnames
                  0x00121c         0x49 build/XC16_dsPIC30F6014A/production/system_Scheduler.o
 .debug_pubnames
                  0x001265        0x14d build/XC16_dsPIC30F6014A/production/system_Timer_HDI.o
 .debug_pubnames
                  0x0013b2        0x250 build/XC16_dsPIC30F6014A/production/system_IO.o
 .debug_pubnames
                  0x001602        0x117 build/XC16_dsPIC30F6014A/production/system_IO_camera.o
 .debug_pubnames
                  0x001719        0x19d build/XC16_dsPIC30F6014A/production/system_IO_i2c.o
 .debug_pubnames
                  0x0018b6        0x10e build/XC16_dsPIC30F6014A/production/system_IO_motors.o
 .debug_pubnames
                  0x0019c4        0x1d0 build/XC16_dsPIC30F6014A/production/system_IO_uart.o
 .debug_pubnames
                  0x001b94         0xf1 build/XC16_dsPIC30F6014A/production/system_IO_remoteControl.o
 .debug_pubnames
                  0x001c85         0x88 build/XC16_dsPIC30F6014A/production/system_IO_clock.o
 .debug_pubnames
                  0x001d0d         0x1e build/XC16_dsPIC30F6014A/production/user.o
 .debug_pubnames
                  0x001d2b         0xbe build/XC16_dsPIC30F6014A/production/traps.o
 .debug_pubnames
                  0x001de9         0x51 build/XC16_dsPIC30F6014A/production/HDI_init_port.o
 .debug_pubnames
                  0x001e3a         0x82 build/XC16_dsPIC30F6014A/production/main.o
 .debug_pubnames
                  0x001ebc         0xce build/XC16_dsPIC30F6014A/production/camera_processing.o

.debug_ranges
 *(.debug_ranges)

.debug_aranges    0x000000        0x2d0
 *(.debug_aranges)
 .debug_aranges
                  0x000000         0x18 build/XC16_dsPIC30F6014A/production/e_calc_po3030k.o
 .debug_aranges
                  0x000018         0x18 build/XC16_dsPIC30F6014A/production/e_calc_po6030k.o
 .debug_aranges
                  0x000030         0x18 build/XC16_dsPIC30F6014A/production/e_calc_po8030d.o
 .debug_aranges
                  0x000048         0x18 build/XC16_dsPIC30F6014A/production/e_common.o
 .debug_aranges
                  0x000060         0x18 build/XC16_dsPIC30F6014A/production/e_I2C_master_module.o
 .debug_aranges
                  0x000078         0x18 build/XC16_dsPIC30F6014A/production/e_I2C_protocol.o
 .debug_aranges
                  0x000090         0x18 build/XC16_dsPIC30F6014A/production/e_po3030k_registers.o
 .debug_aranges
                  0x0000a8         0x18 build/XC16_dsPIC30F6014A/production/e_po6030k_registers.o
 .debug_aranges
                  0x0000c0         0x18 build/XC16_dsPIC30F6014A/production/e_po8030d_registers.o
 .debug_aranges
                  0x0000d8         0x18 build/XC16_dsPIC30F6014A/production/e_timers.o
 .debug_aranges
                  0x0000f0         0x18 build/XC16_dsPIC30F6014A/production/system.o
 .debug_aranges
                  0x000108         0x18 build/XC16_dsPIC30F6014A/production/system_Events.o
 .debug_aranges
                  0x000120         0x18 build/XC16_dsPIC30F6014A/production/system_Interrupts.o
 .debug_aranges
                  0x000138         0x18 build/XC16_dsPIC30F6014A/production/system_Memory.o
 .debug_aranges
                  0x000150         0x18 build/XC16_dsPIC30F6014A/production/system_Process_Management_HDI.o
 .debug_aranges
                  0x000168         0x18 build/XC16_dsPIC30F6014A/production/system_Scheduler.o
 .debug_aranges
                  0x000180         0x18 build/XC16_dsPIC30F6014A/production/system_Timer_HDI.o
 .debug_aranges
                  0x000198         0x18 build/XC16_dsPIC30F6014A/production/system_IO.o
 .debug_aranges
                  0x0001b0         0x18 build/XC16_dsPIC30F6014A/production/system_IO_camera.o
 .debug_aranges
                  0x0001c8         0x18 build/XC16_dsPIC30F6014A/production/system_IO_i2c.o
 .debug_aranges
                  0x0001e0         0x18 build/XC16_dsPIC30F6014A/production/system_IO_motors.o
 .debug_aranges
                  0x0001f8         0x18 build/XC16_dsPIC30F6014A/production/system_IO_uart.o
 .debug_aranges
                  0x000210         0x18 build/XC16_dsPIC30F6014A/production/system_IO_remoteControl.o
 .debug_aranges
                  0x000228         0x18 build/XC16_dsPIC30F6014A/production/system_IO_clock.o
 .debug_aranges
                  0x000240         0x18 build/XC16_dsPIC30F6014A/production/user.o
 .debug_aranges
                  0x000258         0x18 build/XC16_dsPIC30F6014A/production/traps.o
 .debug_aranges
                  0x000270         0x18 build/XC16_dsPIC30F6014A/production/HDI_init_port.o
 .debug_aranges
                  0x000288         0x18 build/XC16_dsPIC30F6014A/production/main.o
 .debug_aranges
                  0x0002a0         0x18 build/XC16_dsPIC30F6014A/production/e_interrupt.o
 .debug_aranges
                  0x0002b8         0x18 build/XC16_dsPIC30F6014A/production/camera_processing.o

.ivt              0x000004         0x7c
                  0x000004          0x4 LONG 0x43c DEFINED (__ReservedTrap0)?ABSOLUTE (__ReservedTrap0):ABSOLUTE (__DefaultInterrupt)
                  0x000006          0x4 LONG 0x2e0 DEFINED (__OscillatorFail)?ABSOLUTE (__OscillatorFail):ABSOLUTE (__DefaultInterrupt)
                  0x000008          0x4 LONG 0x2fa DEFINED (__AddressError)?ABSOLUTE (__AddressError):ABSOLUTE (__DefaultInterrupt)
                  0x00000a          0x4 LONG 0x328 DEFINED (__StackError)?ABSOLUTE (__StackError):ABSOLUTE (__DefaultInterrupt)
                  0x00000c          0x4 LONG 0x356 DEFINED (__MathError)?ABSOLUTE (__MathError):ABSOLUTE (__DefaultInterrupt)
                  0x00000e          0x4 LONG 0x43c DEFINED (__ReservedTrap5)?ABSOLUTE (__ReservedTrap5):ABSOLUTE (__DefaultInterrupt)
                  0x000010          0x4 LONG 0x43c DEFINED (__ReservedTrap6)?ABSOLUTE (__ReservedTrap6):ABSOLUTE (__DefaultInterrupt)
                  0x000012          0x4 LONG 0x43c DEFINED (__ReservedTrap7)?ABSOLUTE (__ReservedTrap7):ABSOLUTE (__DefaultInterrupt)
                  0x000014          0x4 LONG 0x55e4 DEFINED (__INT0Interrupt)?ABSOLUTE (__INT0Interrupt):ABSOLUTE (__DefaultInterrupt)
                  0x000016          0x4 LONG 0x43c DEFINED (__IC1Interrupt)?ABSOLUTE (__IC1Interrupt):ABSOLUTE (__DefaultInterrupt)
                  0x000018          0x4 LONG 0x43c DEFINED (__OC1Interrupt)?ABSOLUTE (__OC1Interrupt):ABSOLUTE (__DefaultInterrupt)
                  0x00001a          0x4 LONG 0x43c DEFINED (__T1Interrupt)?ABSOLUTE (__T1Interrupt):ABSOLUTE (__DefaultInterrupt)
                  0x00001c          0x4 LONG 0x43c DEFINED (__IC2Interrupt)?ABSOLUTE (__IC2Interrupt):ABSOLUTE (__DefaultInterrupt)
                  0x00001e          0x4 LONG 0x43c DEFINED (__OC2Interrupt)?ABSOLUTE (__OC2Interrupt):ABSOLUTE (__DefaultInterrupt)
                  0x000020          0x4 LONG 0x5880 DEFINED (__T2Interrupt)?ABSOLUTE (__T2Interrupt):ABSOLUTE (__DefaultInterrupt)
                  0x000022          0x4 LONG 0x52e2 DEFINED (__T3Interrupt)?ABSOLUTE (__T3Interrupt):ABSOLUTE (__DefaultInterrupt)
                  0x000024          0x4 LONG 0x43c DEFINED (__SPI1Interrupt)?ABSOLUTE (__SPI1Interrupt):ABSOLUTE (__DefaultInterrupt)
                  0x000026          0x4 LONG 0x2b08 DEFINED (__U1RXInterrupt)?ABSOLUTE (__U1RXInterrupt):ABSOLUTE (__DefaultInterrupt)
                  0x000028          0x4 LONG 0x2b54 DEFINED (__U1TXInterrupt)?ABSOLUTE (__U1TXInterrupt):ABSOLUTE (__DefaultInterrupt)
                  0x00002a          0x4 LONG 0x43c DEFINED (__ADCInterrupt)?ABSOLUTE (__ADCInterrupt):ABSOLUTE (__DefaultInterrupt)
                  0x00002c          0x4 LONG 0x43c DEFINED (__NVMInterrupt)?ABSOLUTE (__NVMInterrupt):ABSOLUTE (__DefaultInterrupt)
                  0x00002e          0x4 LONG 0x43c DEFINED (__SI2CInterrupt)?ABSOLUTE (__SI2CInterrupt):ABSOLUTE (__DefaultInterrupt)
                  0x000030          0x4 LONG 0x3c40 DEFINED (__MI2CInterrupt)?ABSOLUTE (__MI2CInterrupt):ABSOLUTE (__DefaultInterrupt)
                  0x000032          0x4 LONG 0x43c DEFINED (__CNInterrupt)?ABSOLUTE (__CNInterrupt):ABSOLUTE (__DefaultInterrupt)
                  0x000034          0x4 LONG 0x43c DEFINED (__INT1Interrupt)?ABSOLUTE (__INT1Interrupt):ABSOLUTE (__DefaultInterrupt)
                  0x000036          0x4 LONG 0x43c DEFINED (__IC7Interrupt)?ABSOLUTE (__IC7Interrupt):ABSOLUTE (__DefaultInterrupt)
                  0x000038          0x4 LONG 0x43c DEFINED (__IC8Interrupt)?ABSOLUTE (__IC8Interrupt):ABSOLUTE (__DefaultInterrupt)
                  0x00003a          0x4 LONG 0x43c DEFINED (__OC3Interrupt)?ABSOLUTE (__OC3Interrupt):ABSOLUTE (__DefaultInterrupt)
                  0x00003c          0x4 LONG 0x43c DEFINED (__OC4Interrupt)?ABSOLUTE (__OC4Interrupt):ABSOLUTE (__DefaultInterrupt)
                  0x00003e          0x4 LONG 0x5a6c DEFINED (__T4Interrupt)?ABSOLUTE (__T4Interrupt):ABSOLUTE (__DefaultInterrupt)
                  0x000040          0x4 LONG 0x1ce DEFINED (__T5Interrupt)?ABSOLUTE (__T5Interrupt):ABSOLUTE (__DefaultInterrupt)
                  0x000042          0x4 LONG 0x43c DEFINED (__INT2Interrupt)?ABSOLUTE (__INT2Interrupt):ABSOLUTE (__DefaultInterrupt)
                  0x000044          0x4 LONG 0x2ba0 DEFINED (__U2RXInterrupt)?ABSOLUTE (__U2RXInterrupt):ABSOLUTE (__DefaultInterrupt)
                  0x000046          0x4 LONG 0x2bec DEFINED (__U2TXInterrupt)?ABSOLUTE (__U2TXInterrupt):ABSOLUTE (__DefaultInterrupt)
                  0x000048          0x4 LONG 0x43c DEFINED (__SPI2Interrupt)?ABSOLUTE (__SPI2Interrupt):ABSOLUTE (__DefaultInterrupt)
                  0x00004a          0x4 LONG 0x43c DEFINED (__C1Interrupt)?ABSOLUTE (__C1Interrupt):ABSOLUTE (__DefaultInterrupt)
                  0x00004c          0x4 LONG 0x43c DEFINED (__IC3Interrupt)?ABSOLUTE (__IC3Interrupt):ABSOLUTE (__DefaultInterrupt)
                  0x00004e          0x4 LONG 0x43c DEFINED (__IC4Interrupt)?ABSOLUTE (__IC4Interrupt):ABSOLUTE (__DefaultInterrupt)
                  0x000050          0x4 LONG 0x43c DEFINED (__IC5Interrupt)?ABSOLUTE (__IC5Interrupt):ABSOLUTE (__DefaultInterrupt)
                  0x000052          0x4 LONG 0x43c DEFINED (__IC6Interrupt)?ABSOLUTE (__IC6Interrupt):ABSOLUTE (__DefaultInterrupt)
                  0x000054          0x4 LONG 0x43c DEFINED (__OC5Interrupt)?ABSOLUTE (__OC5Interrupt):ABSOLUTE (__DefaultInterrupt)
                  0x000056          0x4 LONG 0x43c DEFINED (__OC6Interrupt)?ABSOLUTE (__OC6Interrupt):ABSOLUTE (__DefaultInterrupt)
                  0x000058          0x4 LONG 0x43c DEFINED (__OC7Interrupt)?ABSOLUTE (__OC7Interrupt):ABSOLUTE (__DefaultInterrupt)
                  0x00005a          0x4 LONG 0x43c DEFINED (__OC8Interrupt)?ABSOLUTE (__OC8Interrupt):ABSOLUTE (__DefaultInterrupt)
                  0x00005c          0x4 LONG 0x43c DEFINED (__INT3Interrupt)?ABSOLUTE (__INT3Interrupt):ABSOLUTE (__DefaultInterrupt)
                  0x00005e          0x4 LONG 0x43c DEFINED (__INT4Interrupt)?ABSOLUTE (__INT4Interrupt):ABSOLUTE (__DefaultInterrupt)
                  0x000060          0x4 LONG 0x43c DEFINED (__C2Interrupt)?ABSOLUTE (__C2Interrupt):ABSOLUTE (__DefaultInterrupt)
                  0x000062          0x4 LONG 0x43c DEFINED (__PWMInterrupt)?ABSOLUTE (__PWMInterrupt):ABSOLUTE (__DefaultInterrupt)
                  0x000064          0x4 LONG 0x43c DEFINED (__QEIInterrupt)?ABSOLUTE (__QEIInterrupt):ABSOLUTE (__DefaultInterrupt)
                  0x000066          0x4 LONG 0x43c DEFINED (__DCIInterrupt)?ABSOLUTE (__DCIInterrupt):ABSOLUTE (__DefaultInterrupt)
                  0x000068          0x4 LONG 0x43c DEFINED (__LVDInterrupt)?ABSOLUTE (__LVDInterrupt):ABSOLUTE (__DefaultInterrupt)
                  0x00006a          0x4 LONG 0x43c DEFINED (__FLTAInterrupt)?ABSOLUTE (__FLTAInterrupt):ABSOLUTE (__DefaultInterrupt)
                  0x00006c          0x4 LONG 0x43c DEFINED (__FLTBInterrupt)?ABSOLUTE (__FLTBInterrupt):ABSOLUTE (__DefaultInterrupt)
                  0x00006e          0x4 LONG 0x43c DEFINED (__Interrupt45)?ABSOLUTE (__Interrupt45):ABSOLUTE (__DefaultInterrupt)
                  0x000070          0x4 LONG 0x43c DEFINED (__Interrupt46)?ABSOLUTE (__Interrupt46):ABSOLUTE (__DefaultInterrupt)
                  0x000072          0x4 LONG 0x43c DEFINED (__Interrupt47)?ABSOLUTE (__Interrupt47):ABSOLUTE (__DefaultInterrupt)
                  0x000074          0x4 LONG 0x43c DEFINED (__Interrupt48)?ABSOLUTE (__Interrupt48):ABSOLUTE (__DefaultInterrupt)
                  0x000076          0x4 LONG 0x43c DEFINED (__Interrupt49)?ABSOLUTE (__Interrupt49):ABSOLUTE (__DefaultInterrupt)
                  0x000078          0x4 LONG 0x43c DEFINED (__Interrupt50)?ABSOLUTE (__Interrupt50):ABSOLUTE (__DefaultInterrupt)
                  0x00007a          0x4 LONG 0x43c DEFINED (__Interrupt51)?ABSOLUTE (__Interrupt51):ABSOLUTE (__DefaultInterrupt)
                  0x00007c          0x4 LONG 0x43c DEFINED (__Interrupt52)?ABSOLUTE (__Interrupt52):ABSOLUTE (__DefaultInterrupt)
                  0x00007e          0x4 LONG 0x43c DEFINED (__Interrupt53)?ABSOLUTE (__Interrupt53):ABSOLUTE (__DefaultInterrupt)

.aivt             0x000084         0x7c
                  0x000084          0x4 LONG 0x43c DEFINED (__AltReservedTrap0)?ABSOLUTE (__AltReservedTrap0):DEFINED (__ReservedTrap0)?ABSOLUTE (__ReservedTrap0):ABSOLUTE (__DefaultInterrupt)
                  0x000086          0x4 LONG 0x384 DEFINED (__AltOscillatorFail)?ABSOLUTE (__AltOscillatorFail):DEFINED (__OscillatorFail)?ABSOLUTE (__OscillatorFail):ABSOLUTE (__DefaultInterrupt)
                  0x000088          0x4 LONG 0x3b2 DEFINED (__AltAddressError)?ABSOLUTE (__AltAddressError):DEFINED (__AddressError)?ABSOLUTE (__AddressError):ABSOLUTE (__DefaultInterrupt)
                  0x00008a          0x4 LONG 0x3e0 DEFINED (__AltStackError)?ABSOLUTE (__AltStackError):DEFINED (__StackError)?ABSOLUTE (__StackError):ABSOLUTE (__DefaultInterrupt)
                  0x00008c          0x4 LONG 0x40e DEFINED (__AltMathError)?ABSOLUTE (__AltMathError):DEFINED (__MathError)?ABSOLUTE (__MathError):ABSOLUTE (__DefaultInterrupt)
                  0x00008e          0x4 LONG 0x43c DEFINED (__AltReservedTrap5)?ABSOLUTE (__AltReservedTrap5):DEFINED (__ReservedTrap5)?ABSOLUTE (__ReservedTrap5):ABSOLUTE (__DefaultInterrupt)
                  0x000090          0x4 LONG 0x43c DEFINED (__AltReservedTrap6)?ABSOLUTE (__AltReservedTrap6):DEFINED (__ReservedTrap6)?ABSOLUTE (__ReservedTrap6):ABSOLUTE (__DefaultInterrupt)
                  0x000092          0x4 LONG 0x43c DEFINED (__AltReservedTrap7)?ABSOLUTE (__AltReservedTrap7):DEFINED (__ReservedTrap7)?ABSOLUTE (__ReservedTrap7):ABSOLUTE (__DefaultInterrupt)
                  0x000094          0x4 LONG 0x55e4 DEFINED (__AltINT0Interrupt)?ABSOLUTE (__AltINT0Interrupt):DEFINED (__INT0Interrupt)?ABSOLUTE (__INT0Interrupt):ABSOLUTE (__DefaultInterrupt)
                  0x000096          0x4 LONG 0x43c DEFINED (__AltIC1Interrupt)?ABSOLUTE (__AltIC1Interrupt):DEFINED (__IC1Interrupt)?ABSOLUTE (__IC1Interrupt):ABSOLUTE (__DefaultInterrupt)
                  0x000098          0x4 LONG 0x43c DEFINED (__AltOC1Interrupt)?ABSOLUTE (__AltOC1Interrupt):DEFINED (__OC1Interrupt)?ABSOLUTE (__OC1Interrupt):ABSOLUTE (__DefaultInterrupt)
                  0x00009a          0x4 LONG 0x43c DEFINED (__AltT1Interrupt)?ABSOLUTE (__AltT1Interrupt):DEFINED (__T1Interrupt)?ABSOLUTE (__T1Interrupt):ABSOLUTE (__DefaultInterrupt)
                  0x00009c          0x4 LONG 0x43c DEFINED (__AltIC2Interrupt)?ABSOLUTE (__AltIC2Interrupt):DEFINED (__IC2Interrupt)?ABSOLUTE (__IC2Interrupt):ABSOLUTE (__DefaultInterrupt)
                  0x00009e          0x4 LONG 0x43c DEFINED (__AltOC2Interrupt)?ABSOLUTE (__AltOC2Interrupt):DEFINED (__OC2Interrupt)?ABSOLUTE (__OC2Interrupt):ABSOLUTE (__DefaultInterrupt)
                  0x0000a0          0x4 LONG 0x589c DEFINED (__AltT2Interrupt)?ABSOLUTE (__AltT2Interrupt):DEFINED (__T2Interrupt)?ABSOLUTE (__T2Interrupt):ABSOLUTE (__DefaultInterrupt)
                  0x0000a2          0x4 LONG 0x5300 DEFINED (__AltT3Interrupt)?ABSOLUTE (__AltT3Interrupt):DEFINED (__T3Interrupt)?ABSOLUTE (__T3Interrupt):ABSOLUTE (__DefaultInterrupt)
                  0x0000a4          0x4 LONG 0x43c DEFINED (__AltSPI1Interrupt)?ABSOLUTE (__AltSPI1Interrupt):DEFINED (__SPI1Interrupt)?ABSOLUTE (__SPI1Interrupt):ABSOLUTE (__DefaultInterrupt)
                  0x0000a6          0x4 LONG 0x2b2e DEFINED (__AltU1RXInterrupt)?ABSOLUTE (__AltU1RXInterrupt):DEFINED (__U1RXInterrupt)?ABSOLUTE (__U1RXInterrupt):ABSOLUTE (__DefaultInterrupt)
                  0x0000a8          0x4 LONG 0x2b7a DEFINED (__AltU1TXInterrupt)?ABSOLUTE (__AltU1TXInterrupt):DEFINED (__U1TXInterrupt)?ABSOLUTE (__U1TXInterrupt):ABSOLUTE (__DefaultInterrupt)
                  0x0000aa          0x4 LONG 0x43c DEFINED (__AltADCInterrupt)?ABSOLUTE (__AltADCInterrupt):DEFINED (__ADCInterrupt)?ABSOLUTE (__ADCInterrupt):ABSOLUTE (__DefaultInterrupt)
                  0x0000ac          0x4 LONG 0x43c DEFINED (__AltNVMInterrupt)?ABSOLUTE (__AltNVMInterrupt):DEFINED (__NVMInterrupt)?ABSOLUTE (__NVMInterrupt):ABSOLUTE (__DefaultInterrupt)
                  0x0000ae          0x4 LONG 0x43c DEFINED (__AltSI2CInterrupt)?ABSOLUTE (__AltSI2CInterrupt):DEFINED (__SI2CInterrupt)?ABSOLUTE (__SI2CInterrupt):ABSOLUTE (__DefaultInterrupt)
                  0x0000b0          0x4 LONG 0x3c40 DEFINED (__AltMI2CInterrupt)?ABSOLUTE (__AltMI2CInterrupt):DEFINED (__MI2CInterrupt)?ABSOLUTE (__MI2CInterrupt):ABSOLUTE (__DefaultInterrupt)
                  0x0000b2          0x4 LONG 0x43c DEFINED (__AltCNInterrupt)?ABSOLUTE (__AltCNInterrupt):DEFINED (__CNInterrupt)?ABSOLUTE (__CNInterrupt):ABSOLUTE (__DefaultInterrupt)
                  0x0000b4          0x4 LONG 0x43c DEFINED (__AltINT1Interrupt)?ABSOLUTE (__AltINT1Interrupt):DEFINED (__INT1Interrupt)?ABSOLUTE (__INT1Interrupt):ABSOLUTE (__DefaultInterrupt)
                  0x0000b6          0x4 LONG 0x43c DEFINED (__AltIC7Interrupt)?ABSOLUTE (__AltIC7Interrupt):DEFINED (__IC7Interrupt)?ABSOLUTE (__IC7Interrupt):ABSOLUTE (__DefaultInterrupt)
                  0x0000b8          0x4 LONG 0x43c DEFINED (__AltIC8Interrupt)?ABSOLUTE (__AltIC8Interrupt):DEFINED (__IC8Interrupt)?ABSOLUTE (__IC8Interrupt):ABSOLUTE (__DefaultInterrupt)
                  0x0000ba          0x4 LONG 0x43c DEFINED (__AltOC3Interrupt)?ABSOLUTE (__AltOC3Interrupt):DEFINED (__OC3Interrupt)?ABSOLUTE (__OC3Interrupt):ABSOLUTE (__DefaultInterrupt)
                  0x0000bc          0x4 LONG 0x43c DEFINED (__AltOC4Interrupt)?ABSOLUTE (__AltOC4Interrupt):DEFINED (__OC4Interrupt)?ABSOLUTE (__OC4Interrupt):ABSOLUTE (__DefaultInterrupt)
                  0x0000be          0x4 LONG 0x5a6c DEFINED (__AltT4Interrupt)?ABSOLUTE (__AltT4Interrupt):DEFINED (__T4Interrupt)?ABSOLUTE (__T4Interrupt):ABSOLUTE (__DefaultInterrupt)
                  0x0000c0          0x4 LONG 0x1ce DEFINED (__AltT5Interrupt)?ABSOLUTE (__AltT5Interrupt):DEFINED (__T5Interrupt)?ABSOLUTE (__T5Interrupt):ABSOLUTE (__DefaultInterrupt)
                  0x0000c2          0x4 LONG 0x43c DEFINED (__AltINT2Interrupt)?ABSOLUTE (__AltINT2Interrupt):DEFINED (__INT2Interrupt)?ABSOLUTE (__INT2Interrupt):ABSOLUTE (__DefaultInterrupt)
                  0x0000c4          0x4 LONG 0x2bc6 DEFINED (__AltU2RXInterrupt)?ABSOLUTE (__AltU2RXInterrupt):DEFINED (__U2RXInterrupt)?ABSOLUTE (__U2RXInterrupt):ABSOLUTE (__DefaultInterrupt)
                  0x0000c6          0x4 LONG 0x2c12 DEFINED (__AltU2TXInterrupt)?ABSOLUTE (__AltU2TXInterrupt):DEFINED (__U2TXInterrupt)?ABSOLUTE (__U2TXInterrupt):ABSOLUTE (__DefaultInterrupt)
                  0x0000c8          0x4 LONG 0x43c DEFINED (__AltSPI2Interrupt)?ABSOLUTE (__AltSPI2Interrupt):DEFINED (__SPI2Interrupt)?ABSOLUTE (__SPI2Interrupt):ABSOLUTE (__DefaultInterrupt)
                  0x0000ca          0x4 LONG 0x43c DEFINED (__AltC1Interrupt)?ABSOLUTE (__AltC1Interrupt):DEFINED (__C1Interrupt)?ABSOLUTE (__C1Interrupt):ABSOLUTE (__DefaultInterrupt)
                  0x0000cc          0x4 LONG 0x43c DEFINED (__AltIC3Interrupt)?ABSOLUTE (__AltIC3Interrupt):DEFINED (__IC3Interrupt)?ABSOLUTE (__IC3Interrupt):ABSOLUTE (__DefaultInterrupt)
                  0x0000ce          0x4 LONG 0x43c DEFINED (__AltIC4Interrupt)?ABSOLUTE (__AltIC4Interrupt):DEFINED (__IC4Interrupt)?ABSOLUTE (__IC4Interrupt):ABSOLUTE (__DefaultInterrupt)
                  0x0000d0          0x4 LONG 0x43c DEFINED (__AltIC5Interrupt)?ABSOLUTE (__AltIC5Interrupt):DEFINED (__IC5Interrupt)?ABSOLUTE (__IC5Interrupt):ABSOLUTE (__DefaultInterrupt)
                  0x0000d2          0x4 LONG 0x43c DEFINED (__AltIC6Interrupt)?ABSOLUTE (__AltIC6Interrupt):DEFINED (__IC6Interrupt)?ABSOLUTE (__IC6Interrupt):ABSOLUTE (__DefaultInterrupt)
                  0x0000d4          0x4 LONG 0x43c DEFINED (__AltOC5Interrupt)?ABSOLUTE (__AltOC5Interrupt):DEFINED (__OC5Interrupt)?ABSOLUTE (__OC5Interrupt):ABSOLUTE (__DefaultInterrupt)
                  0x0000d6          0x4 LONG 0x43c DEFINED (__AltOC6Interrupt)?ABSOLUTE (__AltOC6Interrupt):DEFINED (__OC6Interrupt)?ABSOLUTE (__OC6Interrupt):ABSOLUTE (__DefaultInterrupt)
                  0x0000d8          0x4 LONG 0x43c DEFINED (__AltOC7Interrupt)?ABSOLUTE (__AltOC7Interrupt):DEFINED (__OC7Interrupt)?ABSOLUTE (__OC7Interrupt):ABSOLUTE (__DefaultInterrupt)
                  0x0000da          0x4 LONG 0x43c DEFINED (__AltOC8Interrupt)?ABSOLUTE (__AltOC8Interrupt):DEFINED (__OC8Interrupt)?ABSOLUTE (__OC8Interrupt):ABSOLUTE (__DefaultInterrupt)
                  0x0000dc          0x4 LONG 0x43c DEFINED (__AltINT3Interrupt)?ABSOLUTE (__AltINT3Interrupt):DEFINED (__INT3Interrupt)?ABSOLUTE (__INT3Interrupt):ABSOLUTE (__DefaultInterrupt)
                  0x0000de          0x4 LONG 0x43c DEFINED (__AltINT4Interrupt)?ABSOLUTE (__AltINT4Interrupt):DEFINED (__INT4Interrupt)?ABSOLUTE (__INT4Interrupt):ABSOLUTE (__DefaultInterrupt)
                  0x0000e0          0x4 LONG 0x43c DEFINED (__AltC2Interrupt)?ABSOLUTE (__AltC2Interrupt):DEFINED (__C2Interrupt)?ABSOLUTE (__C2Interrupt):ABSOLUTE (__DefaultInterrupt)
                  0x0000e2          0x4 LONG 0x43c DEFINED (__AltPWMInterrupt)?ABSOLUTE (__AltPWMInterrupt):DEFINED (__PWMInterrupt)?ABSOLUTE (__PWMInterrupt):ABSOLUTE (__DefaultInterrupt)
                  0x0000e4          0x4 LONG 0x43c DEFINED (__AltQEIInterrupt)?ABSOLUTE (__AltQEIInterrupt):DEFINED (__QEIInterrupt)?ABSOLUTE (__QEIInterrupt):ABSOLUTE (__DefaultInterrupt)
                  0x0000e6          0x4 LONG 0x43c DEFINED (__AltDCIInterrupt)?ABSOLUTE (__AltDCIInterrupt):DEFINED (__DCIInterrupt)?ABSOLUTE (__DCIInterrupt):ABSOLUTE (__DefaultInterrupt)
                  0x0000e8          0x4 LONG 0x43c DEFINED (__AltLVDInterrupt)?ABSOLUTE (__AltLVDInterrupt):DEFINED (__LVDInterrupt)?ABSOLUTE (__LVDInterrupt):ABSOLUTE (__DefaultInterrupt)
                  0x0000ea          0x4 LONG 0x43c DEFINED (__AltFLTAInterrupt)?ABSOLUTE (__AltFLTAInterrupt):DEFINED (__FLTAInterrupt)?ABSOLUTE (__FLTAInterrupt):ABSOLUTE (__DefaultInterrupt)
                  0x0000ec          0x4 LONG 0x43c DEFINED (__AltFLTBInterrupt)?ABSOLUTE (__AltFLTBInterrupt):DEFINED (__FLTBInterrupt)?ABSOLUTE (__FLTBInterrupt):ABSOLUTE (__DefaultInterrupt)
                  0x0000ee          0x4 LONG 0x43c DEFINED (__AltInterrupt45)?ABSOLUTE (__AltInterrupt45):DEFINED (__Interrupt45)?ABSOLUTE (__Interrupt45):ABSOLUTE (__DefaultInterrupt)
                  0x0000f0          0x4 LONG 0x43c DEFINED (__AltInterrupt46)?ABSOLUTE (__AltInterrupt46):DEFINED (__Interrupt46)?ABSOLUTE (__Interrupt46):ABSOLUTE (__DefaultInterrupt)
                  0x0000f2          0x4 LONG 0x43c DEFINED (__AltInterrupt47)?ABSOLUTE (__AltInterrupt47):DEFINED (__Interrupt47)?ABSOLUTE (__Interrupt47):ABSOLUTE (__DefaultInterrupt)
                  0x0000f4          0x4 LONG 0x43c DEFINED (__AltInterrupt48)?ABSOLUTE (__AltInterrupt48):DEFINED (__Interrupt48)?ABSOLUTE (__Interrupt48):ABSOLUTE (__DefaultInterrupt)
                  0x0000f6          0x4 LONG 0x43c DEFINED (__AltInterrupt49)?ABSOLUTE (__AltInterrupt49):DEFINED (__Interrupt49)?ABSOLUTE (__Interrupt49):ABSOLUTE (__DefaultInterrupt)
                  0x0000f8          0x4 LONG 0x43c DEFINED (__AltInterrupt50)?ABSOLUTE (__AltInterrupt50):DEFINED (__Interrupt50)?ABSOLUTE (__Interrupt50):ABSOLUTE (__DefaultInterrupt)
                  0x0000fa          0x4 LONG 0x43c DEFINED (__AltInterrupt51)?ABSOLUTE (__AltInterrupt51):DEFINED (__Interrupt51)?ABSOLUTE (__Interrupt51):ABSOLUTE (__DefaultInterrupt)
                  0x0000fc          0x4 LONG 0x43c DEFINED (__AltInterrupt52)?ABSOLUTE (__AltInterrupt52):DEFINED (__Interrupt52)?ABSOLUTE (__Interrupt52):ABSOLUTE (__DefaultInterrupt)
                  0x0000fe          0x4 LONG 0x43c DEFINED (__AltInterrupt53)?ABSOLUTE (__AltInterrupt53):DEFINED (__Interrupt53)?ABSOLUTE (__Interrupt53):ABSOLUTE (__DefaultInterrupt)
                    0x0000                  WREG0 = 0x0
                    0x0000                  _WREG0 = 0x0
                    0x0002                  WREG1 = 0x2
                    0x0002                  _WREG1 = 0x2
                    0x0004                  WREG2 = 0x4
                    0x0004                  _WREG2 = 0x4
                    0x0006                  WREG3 = 0x6
                    0x0006                  _WREG3 = 0x6
                    0x0008                  WREG4 = 0x8
                    0x0008                  _WREG4 = 0x8
                    0x000a                  WREG5 = 0xa
                    0x000a                  _WREG5 = 0xa
                    0x000c                  WREG6 = 0xc
                    0x000c                  _WREG6 = 0xc
                    0x000e                  WREG7 = 0xe
                    0x000e                  _WREG7 = 0xe
                    0x0010                  WREG8 = 0x10
                    0x0010                  _WREG8 = 0x10
                    0x0012                  WREG9 = 0x12
                    0x0012                  _WREG9 = 0x12
                    0x0014                  WREG10 = 0x14
                    0x0014                  _WREG10 = 0x14
                    0x0016                  WREG11 = 0x16
                    0x0016                  _WREG11 = 0x16
                    0x0018                  WREG12 = 0x18
                    0x0018                  _WREG12 = 0x18
                    0x001a                  WREG13 = 0x1a
                    0x001a                  _WREG13 = 0x1a
                    0x001c                  WREG14 = 0x1c
                    0x001c                  _WREG14 = 0x1c
                    0x001e                  WREG15 = 0x1e
                    0x001e                  _WREG15 = 0x1e
                    0x0020                  SPLIM = 0x20
                    0x0020                  _SPLIM = 0x20
                    0x0022                  ACCAL = 0x22
                    0x0022                  _ACCAL = 0x22
                    0x0024                  ACCAH = 0x24
                    0x0024                  _ACCAH = 0x24
                    0x0026                  ACCAU = 0x26
                    0x0026                  _ACCAU = 0x26
                    0x0028                  ACCBL = 0x28
                    0x0028                  _ACCBL = 0x28
                    0x002a                  ACCBH = 0x2a
                    0x002a                  _ACCBH = 0x2a
                    0x002c                  ACCBU = 0x2c
                    0x002c                  _ACCBU = 0x2c
                    0x002e                  PCL = 0x2e
                    0x002e                  _PCL = 0x2e
                    0x0030                  PCH = 0x30
                    0x0030                  _PCH = 0x30
                    0x0032                  TBLPAG = 0x32
                    0x0032                  _TBLPAG = 0x32
                    0x0034                  PSVPAG = 0x34
                    0x0034                  _PSVPAG = 0x34
                    0x0036                  RCOUNT = 0x36
                    0x0036                  _RCOUNT = 0x36
                    0x0038                  DCOUNT = 0x38
                    0x0038                  _DCOUNT = 0x38
                    0x003a                  DOSTARTL = 0x3a
                    0x003a                  _DOSTARTL = 0x3a
                    0x003c                  DOSTARTH = 0x3c
                    0x003c                  _DOSTARTH = 0x3c
                    0x003e                  DOENDL = 0x3e
                    0x003e                  _DOENDL = 0x3e
                    0x0040                  DOENDH = 0x40
                    0x0040                  _DOENDH = 0x40
                    0x0042                  SR = 0x42
                    0x0042                  _SR = 0x42
                    0x0042                  _SRbits = 0x42
                    0x0044                  CORCON = 0x44
                    0x0044                  _CORCON = 0x44
                    0x0044                  _CORCONbits = 0x44
                    0x0046                  MODCON = 0x46
                    0x0046                  _MODCON = 0x46
                    0x0046                  _MODCONbits = 0x46
                    0x0048                  XMODSRT = 0x48
                    0x0048                  _XMODSRT = 0x48
                    0x004a                  XMODEND = 0x4a
                    0x004a                  _XMODEND = 0x4a
                    0x004c                  YMODSRT = 0x4c
                    0x004c                  _YMODSRT = 0x4c
                    0x004e                  YMODEND = 0x4e
                    0x004e                  _YMODEND = 0x4e
                    0x0050                  XBREV = 0x50
                    0x0050                  _XBREV = 0x50
                    0x0050                  _XBREVbits = 0x50
                    0x0052                  DISICNT = 0x52
                    0x0052                  _DISICNT = 0x52
                    0x0052                  _DISICNTbits = 0x52
                    0x0080                  INTCON1 = 0x80
                    0x0080                  _INTCON1 = 0x80
                    0x0080                  _INTCON1bits = 0x80
                    0x0082                  INTCON2 = 0x82
                    0x0082                  _INTCON2 = 0x82
                    0x0082                  _INTCON2bits = 0x82
                    0x0084                  IFS0 = 0x84
                    0x0084                  _IFS0 = 0x84
                    0x0084                  _IFS0bits = 0x84
                    0x0086                  IFS1 = 0x86
                    0x0086                  _IFS1 = 0x86
                    0x0086                  _IFS1bits = 0x86
                    0x0088                  IFS2 = 0x88
                    0x0088                  _IFS2 = 0x88
                    0x0088                  _IFS2bits = 0x88
                    0x008c                  IEC0 = 0x8c
                    0x008c                  _IEC0 = 0x8c
                    0x008c                  _IEC0bits = 0x8c
                    0x008e                  IEC1 = 0x8e
                    0x008e                  _IEC1 = 0x8e
                    0x008e                  _IEC1bits = 0x8e
                    0x0090                  IEC2 = 0x90
                    0x0090                  _IEC2 = 0x90
                    0x0090                  _IEC2bits = 0x90
                    0x0094                  IPC0 = 0x94
                    0x0094                  _IPC0 = 0x94
                    0x0094                  _IPC0bits = 0x94
                    0x0096                  IPC1 = 0x96
                    0x0096                  _IPC1 = 0x96
                    0x0096                  _IPC1bits = 0x96
                    0x0098                  IPC2 = 0x98
                    0x0098                  _IPC2 = 0x98
                    0x0098                  _IPC2bits = 0x98
                    0x009a                  IPC3 = 0x9a
                    0x009a                  _IPC3 = 0x9a
                    0x009a                  _IPC3bits = 0x9a
                    0x009c                  IPC4 = 0x9c
                    0x009c                  _IPC4 = 0x9c
                    0x009c                  _IPC4bits = 0x9c
                    0x009e                  IPC5 = 0x9e
                    0x009e                  _IPC5 = 0x9e
                    0x009e                  _IPC5bits = 0x9e
                    0x00a0                  IPC6 = 0xa0
                    0x00a0                  _IPC6 = 0xa0
                    0x00a0                  _IPC6bits = 0xa0
                    0x00a2                  IPC7 = 0xa2
                    0x00a2                  _IPC7 = 0xa2
                    0x00a2                  _IPC7bits = 0xa2
                    0x00a4                  IPC8 = 0xa4
                    0x00a4                  _IPC8 = 0xa4
                    0x00a4                  _IPC8bits = 0xa4
                    0x00a6                  IPC9 = 0xa6
                    0x00a6                  _IPC9 = 0xa6
                    0x00a6                  _IPC9bits = 0xa6
                    0x00a8                  IPC10 = 0xa8
                    0x00a8                  _IPC10 = 0xa8
                    0x00a8                  _IPC10bits = 0xa8
                    0x00b0                  INTTREG = 0xb0
                    0x00b0                  _INTTREG = 0xb0
                    0x00b0                  _INTTREGbits = 0xb0
                    0x00c0                  CNEN1 = 0xc0
                    0x00c0                  _CNEN1 = 0xc0
                    0x00c0                  _CNEN1bits = 0xc0
                    0x00c2                  CNEN2 = 0xc2
                    0x00c2                  _CNEN2 = 0xc2
                    0x00c2                  _CNEN2bits = 0xc2
                    0x00c4                  CNPU1 = 0xc4
                    0x00c4                  _CNPU1 = 0xc4
                    0x00c4                  _CNPU1bits = 0xc4
                    0x00c6                  CNPU2 = 0xc6
                    0x00c6                  _CNPU2 = 0xc6
                    0x00c6                  _CNPU2bits = 0xc6
                    0x0100                  TMR1 = 0x100
                    0x0100                  _TMR1 = 0x100
                    0x0102                  PR1 = 0x102
                    0x0102                  _PR1 = 0x102
                    0x0104                  T1CON = 0x104
                    0x0104                  _T1CON = 0x104
                    0x0104                  _T1CONbits = 0x104
                    0x0106                  TMR2 = 0x106
                    0x0106                  _TMR2 = 0x106
                    0x0108                  TMR3HLD = 0x108
                    0x0108                  _TMR3HLD = 0x108
                    0x010a                  TMR3 = 0x10a
                    0x010a                  _TMR3 = 0x10a
                    0x010c                  PR2 = 0x10c
                    0x010c                  _PR2 = 0x10c
                    0x010e                  PR3 = 0x10e
                    0x010e                  _PR3 = 0x10e
                    0x0110                  T2CON = 0x110
                    0x0110                  _T2CON = 0x110
                    0x0110                  _T2CONbits = 0x110
                    0x0112                  T3CON = 0x112
                    0x0112                  _T3CON = 0x112
                    0x0112                  _T3CONbits = 0x112
                    0x0114                  TMR4 = 0x114
                    0x0114                  _TMR4 = 0x114
                    0x0116                  TMR5HLD = 0x116
                    0x0116                  _TMR5HLD = 0x116
                    0x0118                  TMR5 = 0x118
                    0x0118                  _TMR5 = 0x118
                    0x011a                  PR4 = 0x11a
                    0x011a                  _PR4 = 0x11a
                    0x011c                  PR5 = 0x11c
                    0x011c                  _PR5 = 0x11c
                    0x011e                  T4CON = 0x11e
                    0x011e                  _T4CON = 0x11e
                    0x011e                  _T4CONbits = 0x11e
                    0x0120                  T5CON = 0x120
                    0x0120                  _T5CON = 0x120
                    0x0120                  _T5CONbits = 0x120
                    0x0140                  IC1BUF = 0x140
                    0x0140                  _IC1BUF = 0x140
                    0x0142                  IC1CON = 0x142
                    0x0142                  _IC1CON = 0x142
                    0x0142                  _IC1CONbits = 0x142
                    0x0144                  IC2BUF = 0x144
                    0x0144                  _IC2BUF = 0x144
                    0x0146                  IC2CON = 0x146
                    0x0146                  _IC2CON = 0x146
                    0x0146                  _IC2CONbits = 0x146
                    0x0148                  IC3BUF = 0x148
                    0x0148                  _IC3BUF = 0x148
                    0x014a                  IC3CON = 0x14a
                    0x014a                  _IC3CON = 0x14a
                    0x014a                  _IC3CONbits = 0x14a
                    0x014c                  IC4BUF = 0x14c
                    0x014c                  _IC4BUF = 0x14c
                    0x014e                  IC4CON = 0x14e
                    0x014e                  _IC4CON = 0x14e
                    0x014e                  _IC4CONbits = 0x14e
                    0x0150                  IC5BUF = 0x150
                    0x0150                  _IC5BUF = 0x150
                    0x0152                  IC5CON = 0x152
                    0x0152                  _IC5CON = 0x152
                    0x0152                  _IC5CONbits = 0x152
                    0x0154                  IC6BUF = 0x154
                    0x0154                  _IC6BUF = 0x154
                    0x0156                  IC6CON = 0x156
                    0x0156                  _IC6CON = 0x156
                    0x0156                  _IC6CONbits = 0x156
                    0x0158                  IC7BUF = 0x158
                    0x0158                  _IC7BUF = 0x158
                    0x015a                  IC7CON = 0x15a
                    0x015a                  _IC7CON = 0x15a
                    0x015a                  _IC7CONbits = 0x15a
                    0x015c                  IC8BUF = 0x15c
                    0x015c                  _IC8BUF = 0x15c
                    0x015e                  IC8CON = 0x15e
                    0x015e                  _IC8CON = 0x15e
                    0x015e                  _IC8CONbits = 0x15e
                    0x0180                  OC1RS = 0x180
                    0x0180                  _OC1RS = 0x180
                    0x0182                  OC1R = 0x182
                    0x0182                  _OC1R = 0x182
                    0x0184                  OC1CON = 0x184
                    0x0184                  _OC1CON = 0x184
                    0x0184                  _OC1CONbits = 0x184
                    0x0186                  OC2RS = 0x186
                    0x0186                  _OC2RS = 0x186
                    0x0188                  OC2R = 0x188
                    0x0188                  _OC2R = 0x188
                    0x018a                  OC2CON = 0x18a
                    0x018a                  _OC2CON = 0x18a
                    0x018a                  _OC2CONbits = 0x18a
                    0x018c                  OC3RS = 0x18c
                    0x018c                  _OC3RS = 0x18c
                    0x018e                  OC3R = 0x18e
                    0x018e                  _OC3R = 0x18e
                    0x0190                  OC3CON = 0x190
                    0x0190                  _OC3CON = 0x190
                    0x0190                  _OC3CONbits = 0x190
                    0x0192                  OC4RS = 0x192
                    0x0192                  _OC4RS = 0x192
                    0x0194                  OC4R = 0x194
                    0x0194                  _OC4R = 0x194
                    0x0196                  OC4CON = 0x196
                    0x0196                  _OC4CON = 0x196
                    0x0196                  _OC4CONbits = 0x196
                    0x0198                  OC5RS = 0x198
                    0x0198                  _OC5RS = 0x198
                    0x019a                  OC5R = 0x19a
                    0x019a                  _OC5R = 0x19a
                    0x019c                  OC5CON = 0x19c
                    0x019c                  _OC5CON = 0x19c
                    0x019c                  _OC5CONbits = 0x19c
                    0x019e                  OC6RS = 0x19e
                    0x019e                  _OC6RS = 0x19e
                    0x01a0                  OC6R = 0x1a0
                    0x01a0                  _OC6R = 0x1a0
                    0x01a2                  OC6CON = 0x1a2
                    0x01a2                  _OC6CON = 0x1a2
                    0x01a2                  _OC6CONbits = 0x1a2
                    0x01a4                  OC7RS = 0x1a4
                    0x01a4                  _OC7RS = 0x1a4
                    0x01a6                  OC7R = 0x1a6
                    0x01a6                  _OC7R = 0x1a6
                    0x01a8                  OC7CON = 0x1a8
                    0x01a8                  _OC7CON = 0x1a8
                    0x01a8                  _OC7CONbits = 0x1a8
                    0x01aa                  OC8RS = 0x1aa
                    0x01aa                  _OC8RS = 0x1aa
                    0x01ac                  OC8R = 0x1ac
                    0x01ac                  _OC8R = 0x1ac
                    0x01ae                  OC8CON = 0x1ae
                    0x01ae                  _OC8CON = 0x1ae
                    0x01ae                  _OC8CONbits = 0x1ae
                    0x0200                  I2CRCV = 0x200
                    0x0200                  _I2CRCV = 0x200
                    0x0200                  _I2CRCVbits = 0x200
                    0x0202                  I2CTRN = 0x202
                    0x0202                  _I2CTRN = 0x202
                    0x0202                  _I2CTRNbits = 0x202
                    0x0204                  I2CBRG = 0x204
                    0x0204                  _I2CBRG = 0x204
                    0x0204                  _I2CBRGbits = 0x204
                    0x0206                  I2CCON = 0x206
                    0x0206                  _I2CCON = 0x206
                    0x0206                  _I2CCONbits = 0x206
                    0x0208                  I2CSTAT = 0x208
                    0x0208                  _I2CSTAT = 0x208
                    0x0208                  _I2CSTATbits = 0x208
                    0x020a                  I2CADD = 0x20a
                    0x020a                  _I2CADD = 0x20a
                    0x020a                  _I2CADDbits = 0x20a
                    0x020c                  U1MODE = 0x20c
                    0x020c                  _U1MODE = 0x20c
                    0x020c                  _U1MODEbits = 0x20c
                    0x020e                  U1STA = 0x20e
                    0x020e                  _U1STA = 0x20e
                    0x020e                  _U1STAbits = 0x20e
                    0x0210                  U1TXREG = 0x210
                    0x0210                  _U1TXREG = 0x210
                    0x0210                  _U1TXREGbits = 0x210
                    0x0212                  U1RXREG = 0x212
                    0x0212                  _U1RXREG = 0x212
                    0x0212                  _U1RXREGbits = 0x212
                    0x0214                  U1BRG = 0x214
                    0x0214                  _U1BRG = 0x214
                    0x0216                  U2MODE = 0x216
                    0x0216                  _U2MODE = 0x216
                    0x0216                  _U2MODEbits = 0x216
                    0x0218                  U2STA = 0x218
                    0x0218                  _U2STA = 0x218
                    0x0218                  _U2STAbits = 0x218
                    0x021a                  U2TXREG = 0x21a
                    0x021a                  _U2TXREG = 0x21a
                    0x021a                  _U2TXREGbits = 0x21a
                    0x021c                  U2RXREG = 0x21c
                    0x021c                  _U2RXREG = 0x21c
                    0x021c                  _U2RXREGbits = 0x21c
                    0x021e                  U2BRG = 0x21e
                    0x021e                  _U2BRG = 0x21e
                    0x0220                  SPI1STAT = 0x220
                    0x0220                  _SPI1STAT = 0x220
                    0x0220                  _SPI1STATbits = 0x220
                    0x0222                  SPI1CON = 0x222
                    0x0222                  _SPI1CON = 0x222
                    0x0222                  _SPI1CONbits = 0x222
                    0x0224                  SPI1BUF = 0x224
                    0x0224                  _SPI1BUF = 0x224
                    0x0226                  SPI2STAT = 0x226
                    0x0226                  _SPI2STAT = 0x226
                    0x0226                  _SPI2STATbits = 0x226
                    0x0228                  SPI2CON = 0x228
                    0x0228                  _SPI2CON = 0x228
                    0x0228                  _SPI2CONbits = 0x228
                    0x022a                  SPI2BUF = 0x22a
                    0x022a                  _SPI2BUF = 0x22a
                    0x0240                  DCICON1 = 0x240
                    0x0240                  _DCICON1 = 0x240
                    0x0240                  _DCICON1bits = 0x240
                    0x0242                  DCICON2 = 0x242
                    0x0242                  _DCICON2 = 0x242
                    0x0242                  _DCICON2bits = 0x242
                    0x0244                  DCICON3 = 0x244
                    0x0244                  _DCICON3 = 0x244
                    0x0244                  _DCICON3bits = 0x244
                    0x0246                  DCISTAT = 0x246
                    0x0246                  _DCISTAT = 0x246
                    0x0246                  _DCISTATbits = 0x246
                    0x0248                  TSCON = 0x248
                    0x0248                  _TSCON = 0x248
                    0x0248                  _TSCONbits = 0x248
                    0x024c                  RSCON = 0x24c
                    0x024c                  _RSCON = 0x24c
                    0x024c                  _RSCONbits = 0x24c
                    0x0250                  RXBUF0 = 0x250
                    0x0250                  _RXBUF0 = 0x250
                    0x0252                  RXBUF1 = 0x252
                    0x0252                  _RXBUF1 = 0x252
                    0x0254                  RXBUF2 = 0x254
                    0x0254                  _RXBUF2 = 0x254
                    0x0256                  RXBUF3 = 0x256
                    0x0256                  _RXBUF3 = 0x256
                    0x0258                  TXBUF0 = 0x258
                    0x0258                  _TXBUF0 = 0x258
                    0x025a                  TXBUF1 = 0x25a
                    0x025a                  _TXBUF1 = 0x25a
                    0x025c                  TXBUF2 = 0x25c
                    0x025c                  _TXBUF2 = 0x25c
                    0x025e                  TXBUF3 = 0x25e
                    0x025e                  _TXBUF3 = 0x25e
                    0x0280                  ADCBUF0 = 0x280
                    0x0280                  _ADCBUF0 = 0x280
                    0x0282                  ADCBUF1 = 0x282
                    0x0282                  _ADCBUF1 = 0x282
                    0x0284                  ADCBUF2 = 0x284
                    0x0284                  _ADCBUF2 = 0x284
                    0x0286                  ADCBUF3 = 0x286
                    0x0286                  _ADCBUF3 = 0x286
                    0x0288                  ADCBUF4 = 0x288
                    0x0288                  _ADCBUF4 = 0x288
                    0x028a                  ADCBUF5 = 0x28a
                    0x028a                  _ADCBUF5 = 0x28a
                    0x028c                  ADCBUF6 = 0x28c
                    0x028c                  _ADCBUF6 = 0x28c
                    0x028e                  ADCBUF7 = 0x28e
                    0x028e                  _ADCBUF7 = 0x28e
                    0x0290                  ADCBUF8 = 0x290
                    0x0290                  _ADCBUF8 = 0x290
                    0x0292                  ADCBUF9 = 0x292
                    0x0292                  _ADCBUF9 = 0x292
                    0x0294                  ADCBUFA = 0x294
                    0x0294                  _ADCBUFA = 0x294
                    0x0296                  ADCBUFB = 0x296
                    0x0296                  _ADCBUFB = 0x296
                    0x0298                  ADCBUFC = 0x298
                    0x0298                  _ADCBUFC = 0x298
                    0x029a                  ADCBUFD = 0x29a
                    0x029a                  _ADCBUFD = 0x29a
                    0x029c                  ADCBUFE = 0x29c
                    0x029c                  _ADCBUFE = 0x29c
                    0x029e                  ADCBUFF = 0x29e
                    0x029e                  _ADCBUFF = 0x29e
                    0x02a0                  ADCON1 = 0x2a0
                    0x02a0                  _ADCON1 = 0x2a0
                    0x02a0                  _ADCON1bits = 0x2a0
                    0x02a2                  ADCON2 = 0x2a2
                    0x02a2                  _ADCON2 = 0x2a2
                    0x02a2                  _ADCON2bits = 0x2a2
                    0x02a4                  ADCON3 = 0x2a4
                    0x02a4                  _ADCON3 = 0x2a4
                    0x02a4                  _ADCON3bits = 0x2a4
                    0x02a6                  ADCHS = 0x2a6
                    0x02a6                  _ADCHS = 0x2a6
                    0x02a6                  _ADCHSbits = 0x2a6
                    0x02a8                  ADPCFG = 0x2a8
                    0x02a8                  _ADPCFG = 0x2a8
                    0x02a8                  _ADPCFGbits = 0x2a8
                    0x02aa                  ADCSSL = 0x2aa
                    0x02aa                  _ADCSSL = 0x2aa
                    0x02aa                  _ADCSSLbits = 0x2aa
                    0x02c0                  TRISA = 0x2c0
                    0x02c0                  _TRISA = 0x2c0
                    0x02c0                  _TRISAbits = 0x2c0
                    0x02c2                  PORTA = 0x2c2
                    0x02c2                  _PORTA = 0x2c2
                    0x02c2                  _PORTAbits = 0x2c2
                    0x02c4                  LATA = 0x2c4
                    0x02c4                  _LATA = 0x2c4
                    0x02c4                  _LATAbits = 0x2c4
                    0x02c6                  TRISB = 0x2c6
                    0x02c6                  _TRISB = 0x2c6
                    0x02c6                  _TRISBbits = 0x2c6
                    0x02c8                  PORTB = 0x2c8
                    0x02c8                  _PORTB = 0x2c8
                    0x02c8                  _PORTBbits = 0x2c8
                    0x02ca                  LATB = 0x2ca
                    0x02ca                  _LATB = 0x2ca
                    0x02ca                  _LATBbits = 0x2ca
                    0x02cc                  TRISC = 0x2cc
                    0x02cc                  _TRISC = 0x2cc
                    0x02cc                  _TRISCbits = 0x2cc
                    0x02ce                  PORTC = 0x2ce
                    0x02ce                  _PORTC = 0x2ce
                    0x02ce                  _PORTCbits = 0x2ce
                    0x02d0                  LATC = 0x2d0
                    0x02d0                  _LATC = 0x2d0
                    0x02d0                  _LATCbits = 0x2d0
                    0x02d2                  TRISD = 0x2d2
                    0x02d2                  _TRISD = 0x2d2
                    0x02d2                  _TRISDbits = 0x2d2
                    0x02d4                  PORTD = 0x2d4
                    0x02d4                  _PORTD = 0x2d4
                    0x02d4                  _PORTDbits = 0x2d4
                    0x02d6                  LATD = 0x2d6
                    0x02d6                  _LATD = 0x2d6
                    0x02d6                  _LATDbits = 0x2d6
                    0x02de                  TRISF = 0x2de
                    0x02de                  _TRISF = 0x2de
                    0x02de                  _TRISFbits = 0x2de
                    0x02e0                  PORTF = 0x2e0
                    0x02e0                  _PORTF = 0x2e0
                    0x02e0                  _PORTFbits = 0x2e0
                    0x02e2                  LATF = 0x2e2
                    0x02e2                  _LATF = 0x2e2
                    0x02e2                  _LATFbits = 0x2e2
                    0x02e4                  TRISG = 0x2e4
                    0x02e4                  _TRISG = 0x2e4
                    0x02e4                  _TRISGbits = 0x2e4
                    0x02e6                  PORTG = 0x2e6
                    0x02e6                  _PORTG = 0x2e6
                    0x02e6                  _PORTGbits = 0x2e6
                    0x02e8                  LATG = 0x2e8
                    0x02e8                  _LATG = 0x2e8
                    0x02e8                  _LATGbits = 0x2e8
                    0x0300                  C1RXF0SID = 0x300
                    0x0300                  _C1RXF0SID = 0x300
                    0x0300                  _C1RXF0SIDbits = 0x300
                    0x0302                  C1RXF0EIDH = 0x302
                    0x0302                  _C1RXF0EIDH = 0x302
                    0x0302                  _C1RXF0EIDHbits = 0x302
                    0x0304                  C1RXF0EIDL = 0x304
                    0x0304                  _C1RXF0EIDL = 0x304
                    0x0304                  _C1RXF0EIDLbits = 0x304
                    0x0308                  C1RXF1SID = 0x308
                    0x0308                  _C1RXF1SID = 0x308
                    0x0308                  _C1RXF1SIDbits = 0x308
                    0x030a                  C1RXF1EIDH = 0x30a
                    0x030a                  _C1RXF1EIDH = 0x30a
                    0x030a                  _C1RXF1EIDHbits = 0x30a
                    0x030c                  C1RXF1EIDL = 0x30c
                    0x030c                  _C1RXF1EIDL = 0x30c
                    0x030c                  _C1RXF1EIDLbits = 0x30c
                    0x0310                  C1RXF2SID = 0x310
                    0x0310                  _C1RXF2SID = 0x310
                    0x0310                  _C1RXF2SIDbits = 0x310
                    0x0312                  C1RXF2EIDH = 0x312
                    0x0312                  _C1RXF2EIDH = 0x312
                    0x0312                  _C1RXF2EIDHbits = 0x312
                    0x0314                  C1RXF2EIDL = 0x314
                    0x0314                  _C1RXF2EIDL = 0x314
                    0x0314                  _C1RXF2EIDLbits = 0x314
                    0x0318                  C1RXF3SID = 0x318
                    0x0318                  _C1RXF3SID = 0x318
                    0x0318                  _C1RXF3SIDbits = 0x318
                    0x031a                  C1RXF3EIDH = 0x31a
                    0x031a                  _C1RXF3EIDH = 0x31a
                    0x031a                  _C1RXF3EIDHbits = 0x31a
                    0x031c                  C1RXF3EIDL = 0x31c
                    0x031c                  _C1RXF3EIDL = 0x31c
                    0x031c                  _C1RXF3EIDLbits = 0x31c
                    0x0320                  C1RXF4SID = 0x320
                    0x0320                  _C1RXF4SID = 0x320
                    0x0320                  _C1RXF4SIDbits = 0x320
                    0x0322                  C1RXF4EIDH = 0x322
                    0x0322                  _C1RXF4EIDH = 0x322
                    0x0322                  _C1RXF4EIDHbits = 0x322
                    0x0324                  C1RXF4EIDL = 0x324
                    0x0324                  _C1RXF4EIDL = 0x324
                    0x0324                  _C1RXF4EIDLbits = 0x324
                    0x0328                  C1RXF5SID = 0x328
                    0x0328                  _C1RXF5SID = 0x328
                    0x0328                  _C1RXF5SIDbits = 0x328
                    0x032a                  C1RXF5EIDH = 0x32a
                    0x032a                  _C1RXF5EIDH = 0x32a
                    0x032a                  _C1RXF5EIDHbits = 0x32a
                    0x032c                  C1RXF5EIDL = 0x32c
                    0x032c                  _C1RXF5EIDL = 0x32c
                    0x032c                  _C1RXF5EIDLbits = 0x32c
                    0x0330                  C1RXM0SID = 0x330
                    0x0330                  _C1RXM0SID = 0x330
                    0x0330                  _C1RXM0SIDbits = 0x330
                    0x0332                  C1RXM0EIDH = 0x332
                    0x0332                  _C1RXM0EIDH = 0x332
                    0x0332                  _C1RXM0EIDHbits = 0x332
                    0x0334                  C1RXM0EIDL = 0x334
                    0x0334                  _C1RXM0EIDL = 0x334
                    0x0334                  _C1RXM0EIDLbits = 0x334
                    0x0338                  C1RXM1SID = 0x338
                    0x0338                  _C1RXM1SID = 0x338
                    0x0338                  _C1RXM1SIDbits = 0x338
                    0x033a                  C1RXM1EIDH = 0x33a
                    0x033a                  _C1RXM1EIDH = 0x33a
                    0x033a                  _C1RXM1EIDHbits = 0x33a
                    0x033c                  C1RXM1EIDL = 0x33c
                    0x033c                  _C1RXM1EIDL = 0x33c
                    0x033c                  _C1RXM1EIDLbits = 0x33c
                    0x0340                  C1TX2SID = 0x340
                    0x0340                  _C1TX2SID = 0x340
                    0x0340                  _C1TX2SIDbits = 0x340
                    0x0342                  C1TX2EID = 0x342
                    0x0342                  _C1TX2EID = 0x342
                    0x0342                  _C1TX2EIDbits = 0x342
                    0x0344                  C1TX2DLC = 0x344
                    0x0344                  _C1TX2DLC = 0x344
                    0x0344                  _C1TX2DLCbits = 0x344
                    0x0346                  C1TX2B1 = 0x346
                    0x0346                  _C1TX2B1 = 0x346
                    0x0346                  _C1TX2B1bits = 0x346
                    0x0348                  C1TX2B2 = 0x348
                    0x0348                  _C1TX2B2 = 0x348
                    0x0348                  _C1TX2B2bits = 0x348
                    0x034a                  C1TX2B3 = 0x34a
                    0x034a                  _C1TX2B3 = 0x34a
                    0x034a                  _C1TX2B3bits = 0x34a
                    0x034c                  C1TX2B4 = 0x34c
                    0x034c                  _C1TX2B4 = 0x34c
                    0x034c                  _C1TX2B4bits = 0x34c
                    0x034e                  C1TX2CON = 0x34e
                    0x034e                  _C1TX2CON = 0x34e
                    0x034e                  _C1TX2CONbits = 0x34e
                    0x0350                  C1TX1SID = 0x350
                    0x0350                  _C1TX1SID = 0x350
                    0x0350                  _C1TX1SIDbits = 0x350
                    0x0352                  C1TX1EID = 0x352
                    0x0352                  _C1TX1EID = 0x352
                    0x0352                  _C1TX1EIDbits = 0x352
                    0x0354                  C1TX1DLC = 0x354
                    0x0354                  _C1TX1DLC = 0x354
                    0x0354                  _C1TX1DLCbits = 0x354
                    0x0356                  C1TX1B1 = 0x356
                    0x0356                  _C1TX1B1 = 0x356
                    0x0356                  _C1TX1B1bits = 0x356
                    0x0358                  C1TX1B2 = 0x358
                    0x0358                  _C1TX1B2 = 0x358
                    0x0358                  _C1TX1B2bits = 0x358
                    0x035a                  C1TX1B3 = 0x35a
                    0x035a                  _C1TX1B3 = 0x35a
                    0x035a                  _C1TX1B3bits = 0x35a
                    0x035c                  C1TX1B4 = 0x35c
                    0x035c                  _C1TX1B4 = 0x35c
                    0x035c                  _C1TX1B4bits = 0x35c
                    0x035e                  C1TX1CON = 0x35e
                    0x035e                  _C1TX1CON = 0x35e
                    0x035e                  _C1TX1CONbits = 0x35e
                    0x0360                  C1TX0SID = 0x360
                    0x0360                  _C1TX0SID = 0x360
                    0x0360                  _C1TX0SIDbits = 0x360
                    0x0362                  C1TX0EID = 0x362
                    0x0362                  _C1TX0EID = 0x362
                    0x0362                  _C1TX0EIDbits = 0x362
                    0x0364                  C1TX0DLC = 0x364
                    0x0364                  _C1TX0DLC = 0x364
                    0x0364                  _C1TX0DLCbits = 0x364
                    0x0366                  C1TX0B1 = 0x366
                    0x0366                  _C1TX0B1 = 0x366
                    0x0366                  _C1TX0B1bits = 0x366
                    0x0368                  C1TX0B2 = 0x368
                    0x0368                  _C1TX0B2 = 0x368
                    0x0368                  _C1TX0B2bits = 0x368
                    0x036a                  C1TX0B3 = 0x36a
                    0x036a                  _C1TX0B3 = 0x36a
                    0x036a                  _C1TX0B3bits = 0x36a
                    0x036c                  C1TX0B4 = 0x36c
                    0x036c                  _C1TX0B4 = 0x36c
                    0x036c                  _C1TX0B4bits = 0x36c
                    0x036e                  C1TX0CON = 0x36e
                    0x036e                  _C1TX0CON = 0x36e
                    0x036e                  _C1TX0CONbits = 0x36e
                    0x0370                  C1RX1SID = 0x370
                    0x0370                  _C1RX1SID = 0x370
                    0x0370                  _C1RX1SIDbits = 0x370
                    0x0372                  C1RX1EID = 0x372
                    0x0372                  _C1RX1EID = 0x372
                    0x0372                  _C1RX1EIDbits = 0x372
                    0x0374                  C1RX1DLC = 0x374
                    0x0374                  _C1RX1DLC = 0x374
                    0x0374                  _C1RX1DLCbits = 0x374
                    0x0376                  C1RX1B1 = 0x376
                    0x0376                  _C1RX1B1 = 0x376
                    0x0376                  _C1RX1B1bits = 0x376
                    0x0378                  C1RX1B2 = 0x378
                    0x0378                  _C1RX1B2 = 0x378
                    0x0378                  _C1RX1B2bits = 0x378
                    0x037a                  C1RX1B3 = 0x37a
                    0x037a                  _C1RX1B3 = 0x37a
                    0x037a                  _C1RX1B3bits = 0x37a
                    0x037c                  C1RX1B4 = 0x37c
                    0x037c                  _C1RX1B4 = 0x37c
                    0x037c                  _C1RX1B4bits = 0x37c
                    0x037e                  C1RX1CON = 0x37e
                    0x037e                  _C1RX1CON = 0x37e
                    0x037e                  _C1RX1CONbits = 0x37e
                    0x0380                  C1RX0SID = 0x380
                    0x0380                  _C1RX0SID = 0x380
                    0x0380                  _C1RX0SIDbits = 0x380
                    0x0382                  C1RX0EID = 0x382
                    0x0382                  _C1RX0EID = 0x382
                    0x0382                  _C1RX0EIDbits = 0x382
                    0x0384                  C1RX0DLC = 0x384
                    0x0384                  _C1RX0DLC = 0x384
                    0x0384                  _C1RX0DLCbits = 0x384